Archive member included to satisfy reference by file (symbol)

g:/stm32/ac6/plugins/fr.ac6.mcu.externaltools.arm-none.win32_1.17.0.201812190825/tools/compiler/bin/../lib/gcc/arm-none-eabi/7.3.1/thumb/v7e-m/fpv4-sp/hard\libgcc.a(_arm_addsubdf3.o)
                              Core/Src/l3gd20_add.o (__aeabi_f2d)
g:/stm32/ac6/plugins/fr.ac6.mcu.externaltools.arm-none.win32_1.17.0.201812190825/tools/compiler/bin/../lib/gcc/arm-none-eabi/7.3.1/thumb/v7e-m/fpv4-sp/hard\libgcc.a(_aeabi_uldivmod.o)
                              Drivers/STM32L4xx_HAL_Driver/Src/stm32l4xx_hal_uart.o (__aeabi_uldivmod)
g:/stm32/ac6/plugins/fr.ac6.mcu.externaltools.arm-none.win32_1.17.0.201812190825/tools/compiler/bin/../lib/gcc/arm-none-eabi/7.3.1/thumb/v7e-m/fpv4-sp/hard\libgcc.a(_udivmoddi4.o)
                              g:/stm32/ac6/plugins/fr.ac6.mcu.externaltools.arm-none.win32_1.17.0.201812190825/tools/compiler/bin/../lib/gcc/arm-none-eabi/7.3.1/thumb/v7e-m/fpv4-sp/hard\libgcc.a(_aeabi_uldivmod.o) (__udivmoddi4)
g:/stm32/ac6/plugins/fr.ac6.mcu.externaltools.arm-none.win32_1.17.0.201812190825/tools/compiler/bin/../lib/gcc/arm-none-eabi/7.3.1/thumb/v7e-m/fpv4-sp/hard\libgcc.a(_dvmd_tls.o)
                              g:/stm32/ac6/plugins/fr.ac6.mcu.externaltools.arm-none.win32_1.17.0.201812190825/tools/compiler/bin/../lib/gcc/arm-none-eabi/7.3.1/thumb/v7e-m/fpv4-sp/hard\libgcc.a(_aeabi_uldivmod.o) (__aeabi_ldiv0)
g:/stm32/ac6/plugins/fr.ac6.mcu.externaltools.arm-none.win32_1.17.0.201812190825/tools/compiler/bin/../lib/gcc/arm-none-eabi/7.3.1/../../../../arm-none-eabi/lib/thumb/v7e-m/fpv4-sp/hard\libc_nano.a(lib_a-errno.o)
                              Core/Src/syscalls.o (__errno)
g:/stm32/ac6/plugins/fr.ac6.mcu.externaltools.arm-none.win32_1.17.0.201812190825/tools/compiler/bin/../lib/gcc/arm-none-eabi/7.3.1/../../../../arm-none-eabi/lib/thumb/v7e-m/fpv4-sp/hard\libc_nano.a(lib_a-exit.o)
                              g:/stm32/ac6/plugins/fr.ac6.mcu.externaltools.arm-none.win32_1.17.0.201812190825/tools/compiler/bin/../lib/gcc/arm-none-eabi/7.3.1/../../../../arm-none-eabi/lib/thumb/v7e-m/fpv4-sp/hard/crt0.o (exit)
g:/stm32/ac6/plugins/fr.ac6.mcu.externaltools.arm-none.win32_1.17.0.201812190825/tools/compiler/bin/../lib/gcc/arm-none-eabi/7.3.1/../../../../arm-none-eabi/lib/thumb/v7e-m/fpv4-sp/hard\libc_nano.a(lib_a-impure.o)
                              g:/stm32/ac6/plugins/fr.ac6.mcu.externaltools.arm-none.win32_1.17.0.201812190825/tools/compiler/bin/../lib/gcc/arm-none-eabi/7.3.1/../../../../arm-none-eabi/lib/thumb/v7e-m/fpv4-sp/hard\libc_nano.a(lib_a-exit.o) (_global_impure_ptr)
g:/stm32/ac6/plugins/fr.ac6.mcu.externaltools.arm-none.win32_1.17.0.201812190825/tools/compiler/bin/../lib/gcc/arm-none-eabi/7.3.1/../../../../arm-none-eabi/lib/thumb/v7e-m/fpv4-sp/hard\libc_nano.a(lib_a-init.o)
                              g:/stm32/ac6/plugins/fr.ac6.mcu.externaltools.arm-none.win32_1.17.0.201812190825/tools/compiler/bin/../lib/gcc/arm-none-eabi/7.3.1/../../../../arm-none-eabi/lib/thumb/v7e-m/fpv4-sp/hard/crt0.o (__libc_init_array)
g:/stm32/ac6/plugins/fr.ac6.mcu.externaltools.arm-none.win32_1.17.0.201812190825/tools/compiler/bin/../lib/gcc/arm-none-eabi/7.3.1/../../../../arm-none-eabi/lib/thumb/v7e-m/fpv4-sp/hard\libc_nano.a(lib_a-memset.o)
                              g:/stm32/ac6/plugins/fr.ac6.mcu.externaltools.arm-none.win32_1.17.0.201812190825/tools/compiler/bin/../lib/gcc/arm-none-eabi/7.3.1/../../../../arm-none-eabi/lib/thumb/v7e-m/fpv4-sp/hard/crt0.o (memset)
g:/stm32/ac6/plugins/fr.ac6.mcu.externaltools.arm-none.win32_1.17.0.201812190825/tools/compiler/bin/../lib/gcc/arm-none-eabi/7.3.1/../../../../arm-none-eabi/lib/thumb/v7e-m/fpv4-sp/hard\libc_nano.a(lib_a-nano-vfprintf_float.o)
                              (_printf_float)
g:/stm32/ac6/plugins/fr.ac6.mcu.externaltools.arm-none.win32_1.17.0.201812190825/tools/compiler/bin/../lib/gcc/arm-none-eabi/7.3.1/../../../../arm-none-eabi/lib/thumb/v7e-m/fpv4-sp/hard\libc_nano.a(lib_a-nano-vfprintf_i.o)
                              g:/stm32/ac6/plugins/fr.ac6.mcu.externaltools.arm-none.win32_1.17.0.201812190825/tools/compiler/bin/../lib/gcc/arm-none-eabi/7.3.1/../../../../arm-none-eabi/lib/thumb/v7e-m/fpv4-sp/hard\libc_nano.a(lib_a-nano-vfprintf_float.o) (_printf_common)
g:/stm32/ac6/plugins/fr.ac6.mcu.externaltools.arm-none.win32_1.17.0.201812190825/tools/compiler/bin/../lib/gcc/arm-none-eabi/7.3.1/../../../../arm-none-eabi/lib/thumb/v7e-m/fpv4-sp/hard\libc_nano.a(lib_a-sprintf.o)
                              Core/Src/l3gd20_add.o (sprintf)
g:/stm32/ac6/plugins/fr.ac6.mcu.externaltools.arm-none.win32_1.17.0.201812190825/tools/compiler/bin/../lib/gcc/arm-none-eabi/7.3.1/../../../../arm-none-eabi/lib/thumb/v7e-m/fpv4-sp/hard\libc_nano.a(lib_a-strlen.o)
                              Core/Src/l3gd20_add.o (strlen)
[...]
Memory Configuration

Name             Origin             Length             Attributes
RAM              0x20000000         0x00018000         xrw
RAM2             0x10000000         0x00008000         xrw
FLASH            0x08000000         0x00100000         xr
*default*        0x00000000         0xffffffff

Linker script and memory map

LOAD g:/stm32/ac6/plugins/fr.ac6.mcu.externaltools.arm-none.win32_1.17.0.201812190825/tools/compiler/bin/../lib/gcc/arm-none-eabi/7.3.1/thumb/v7e-m/fpv4-sp/hard/crti.o
LOAD g:/stm32/ac6/plugins/fr.ac6.mcu.externaltools.arm-none.win32_1.17.0.201812190825/tools/compiler/bin/../lib/gcc/arm-none-eabi/7.3.1/thumb/v7e-m/fpv4-sp/hard/crtbegin.o
LOAD g:/stm32/ac6/plugins/fr.ac6.mcu.externaltools.arm-none.win32_1.17.0.201812190825/tools/compiler/bin/../lib/gcc/arm-none-eabi/7.3.1/../../../../arm-none-eabi/lib/thumb/v7e-m/fpv4-sp/hard/crt0.o
LOAD Core/Src/dma.o
LOAD Core/Src/gpio.o
LOAD Core/Src/l3gd20_add.o
LOAD Core/Src/l3gd20h_reg.o
LOAD Core/Src/main.o
LOAD Core/Src/spi.o
LOAD Core/Src/stm32l4xx_hal_msp.o
LOAD Core/Src/stm32l4xx_it.o
LOAD Core/Src/syscalls.o
LOAD Core/Src/system_stm32l4xx.o
LOAD Core/Src/usart.o
LOAD Drivers/STM32L4xx_HAL_Driver/Src/stm32l4xx_hal.o
LOAD Drivers/STM32L4xx_HAL_Driver/Src/stm32l4xx_hal_cortex.o
LOAD Drivers/STM32L4xx_HAL_Driver/Src/stm32l4xx_hal_dma.o
LOAD Drivers/STM32L4xx_HAL_Driver/Src/stm32l4xx_hal_dma_ex.o
LOAD Drivers/STM32L4xx_HAL_Driver/Src/stm32l4xx_hal_exti.o
LOAD Drivers/STM32L4xx_HAL_Driver/Src/stm32l4xx_hal_flash.o
LOAD Drivers/STM32L4xx_HAL_Driver/Src/stm32l4xx_hal_flash_ex.o
LOAD Drivers/STM32L4xx_HAL_Driver/Src/stm32l4xx_hal_flash_ramfunc.o
LOAD Drivers/STM32L4xx_HAL_Driver/Src/stm32l4xx_hal_gpio.o
LOAD Drivers/STM32L4xx_HAL_Driver/Src/stm32l4xx_hal_i2c.o
LOAD Drivers/STM32L4xx_HAL_Driver/Src/stm32l4xx_hal_i2c_ex.o
LOAD Drivers/STM32L4xx_HAL_Driver/Src/stm32l4xx_hal_pwr.o
LOAD Drivers/STM32L4xx_HAL_Driver/Src/stm32l4xx_hal_pwr_ex.o
LOAD Drivers/STM32L4xx_HAL_Driver/Src/stm32l4xx_hal_rcc.o
LOAD Drivers/STM32L4xx_HAL_Driver/Src/stm32l4xx_hal_rcc_ex.o
LOAD Drivers/STM32L4xx_HAL_Driver/Src/stm32l4xx_hal_spi.o
LOAD Drivers/STM32L4xx_HAL_Driver/Src/stm32l4xx_hal_spi_ex.o
LOAD Drivers/STM32L4xx_HAL_Driver/Src/stm32l4xx_hal_tim.o
LOAD Drivers/STM32L4xx_HAL_Driver/Src/stm32l4xx_hal_tim_ex.o
LOAD Drivers/STM32L4xx_HAL_Driver/Src/stm32l4xx_hal_uart.o
LOAD Drivers/STM32L4xx_HAL_Driver/Src/stm32l4xx_hal_uart_ex.o
LOAD startup/startup_stm32l476xx.o
LOAD g:/stm32/ac6/plugins/fr.ac6.mcu.externaltools.arm-none.win32_1.17.0.201812190825/tools/compiler/bin/../lib/gcc/arm-none-eabi/7.3.1/../../../../arm-none-eabi/lib/thumb/v7e-m/fpv4-sp/hard\libm.a
START GROUP
LOAD g:/stm32/ac6/plugins/fr.ac6.mcu.externaltools.arm-none.win32_1.17.0.201812190825/tools/compiler/bin/../lib/gcc/arm-none-eabi/7.3.1/thumb/v7e-m/fpv4-sp/hard\libgcc.a
LOAD g:/stm32/ac6/plugins/fr.ac6.mcu.externaltools.arm-none.win32_1.17.0.201812190825/tools/compiler/bin/../lib/gcc/arm-none-eabi/7.3.1/../../../../arm-none-eabi/lib/thumb/v7e-m/fpv4-sp/hard\libc_nano.a
END GROUP
START GROUP
LOAD g:/stm32/ac6/plugins/fr.ac6.mcu.externaltools.arm-none.win32_1.17.0.201812190825/tools/compiler/bin/../lib/gcc/arm-none-eabi/7.3.1/thumb/v7e-m/fpv4-sp/hard\libgcc.a
LOAD g:/stm32/ac6/plugins/fr.ac6.mcu.externaltools.arm-none.win32_1.17.0.201812190825/tools/compiler/bin/../lib/gcc/arm-none-eabi/7.3.1/../../../../arm-none-eabi/lib/thumb/v7e-m/fpv4-sp/hard\libc_nano.a
LOAD g:/stm32/ac6/plugins/fr.ac6.mcu.externaltools.arm-none.win32_1.17.0.201812190825/tools/compiler/bin/../lib/gcc/arm-none-eabi/7.3.1/../../../../arm-none-eabi/lib/thumb/v7e-m/fpv4-sp/hard\libnosys.a
END GROUP
START GROUP
LOAD g:/stm32/ac6/plugins/fr.ac6.mcu.externaltools.arm-none.win32_1.17.0.201812190825/tools/compiler/bin/../lib/gcc/arm-none-eabi/7.3.1/thumb/v7e-m/fpv4-sp/hard\libgcc.a
LOAD g:/stm32/ac6/plugins/fr.ac6.mcu.externaltools.arm-none.win32_1.17.0.201812190825/tools/compiler/bin/../lib/gcc/arm-none-eabi/7.3.1/../../../../arm-none-eabi/lib/thumb/v7e-m/fpv4-sp/hard\libc_nano.a
LOAD g:/stm32/ac6/plugins/fr.ac6.mcu.externaltools.arm-none.win32_1.17.0.201812190825/tools/compiler/bin/../lib/gcc/arm-none-eabi/7.3.1/../../../../arm-none-eabi/lib/thumb/v7e-m/fpv4-sp/hard\libnosys.a
END GROUP
LOAD g:/stm32/ac6/plugins/fr.ac6.mcu.externaltools.arm-none.win32_1.17.0.201812190825/tools/compiler/bin/../lib/gcc/arm-none-eabi/7.3.1/thumb/v7e-m/fpv4-sp/hard/crtend.o
LOAD g:/stm32/ac6/plugins/fr.ac6.mcu.externaltools.arm-none.win32_1.17.0.201812190825/tools/compiler/bin/../lib/gcc/arm-none-eabi/7.3.1/thumb/v7e-m/fpv4-sp/hard/crtn.o
                0x20018000                _estack = 0x20018000
                0x00000200                _Min_Heap_Size = 0x200
                0x00000400                _Min_Stack_Size = 0x400

.isr_vector     0x08000000      0x188
                0x08000000                . = ALIGN (0x8)
 *(.isr_vector)
 .isr_vector    0x08000000      0x188 startup/startup_stm32l476xx.o
                0x08000000                g_pfnVectors
                0x08000188                . = ALIGN (0x8)

.text           0x08000190     0x6460
                0x08000190                . = ALIGN (0x8)
 *(.text)
 .text          0x08000190       0x40 g:/stm32/ac6/plugins/fr.ac6.mcu.externaltools.arm-none.win32_1.17.0.201812190825/tools/compiler/bin/../lib/gcc/arm-none-eabi/7.3.1/thumb/v7e-m/fpv4-sp/hard/crtbegin.o
 .text          0x080001d0      0x378 g:/stm32/ac6/plugins/fr.ac6.mcu.externaltools.arm-none.win32_1.17.0.201812190825/tools/compiler/bin/../lib/gcc/arm-none-eabi/7.3.1/thumb/v7e-m/fpv4-sp/hard\libgcc.a(_arm_addsubdf3.o)
                0x080001d0                __aeabi_drsub
                0x080001d8                __aeabi_dsub
                0x080001d8                __subdf3
                0x080001dc                __aeabi_dadd
                0x080001dc                __adddf3
                0x08000454                __floatunsidf
                0x08000454                __aeabi_ui2d
                0x08000474                __floatsidf
                0x08000474                __aeabi_i2d
                0x08000498                __aeabi_f2d
                0x08000498                __extendsfdf2
                0x080004dc                __floatundidf
                0x080004dc                __aeabi_ul2d
                0x080004ec                __floatdidf
                0x080004ec                __aeabi_l2d
 .text          0x08000548       0x30 g:/stm32/ac6/plugins/fr.ac6.mcu.externaltools.arm-none.win32_1.17.0.201812190825/tools/compiler/bin/../lib/gcc/arm-none-eabi/7.3.1/thumb/v7e-m/fpv4-sp/hard\libgcc.a(_aeabi_uldivmod.o)
                0x08000548                __aeabi_uldivmod
 .text          0x08000578      0x2cc g:/stm32/ac6/plugins/fr.ac6.mcu.externaltools.arm-none.win32_1.17.0.201812190825/tools/compiler/bin/../lib/gcc/arm-none-eabi/7.3.1/thumb/v7e-m/fpv4-sp/hard\libgcc.a(_udivmoddi4.o)
                0x08000578                __udivmoddi4
 .text          0x08000844        0x4 g:/stm32/ac6/plugins/fr.ac6.mcu.externaltools.arm-none.win32_1.17.0.201812190825/tools/compiler/bin/../lib/gcc/arm-none-eabi/7.3.1/thumb/v7e-m/fpv4-sp/hard\libgcc.a(_dvmd_tls.o)
                0x08000844                __aeabi_idiv0
                0x08000844                __aeabi_ldiv0
 .text          0x08000848       0x10 g:/stm32/ac6/plugins/fr.ac6.mcu.externaltools.arm-none.win32_1.17.0.201812190825/tools/compiler/bin/../lib/gcc/arm-none-eabi/7.3.1/../../../../arm-none-eabi/lib/thumb/v7e-m/fpv4-sp/hard\libc_nano.a(lib_a-strlen.o)
                0x08000848                strlen
 *fill*         0x08000858        0x8 
 .text          0x08000860       0xa0 g:/stm32/ac6/plugins/fr.ac6.mcu.externaltools.arm-none.win32_1.17.0.201812190825/tools/compiler/bin/../lib/gcc/arm-none-eabi/7.3.1/../../../../arm-none-eabi/lib/thumb/v7e-m/fpv4-sp/hard\libc_nano.a(lib_a-memchr.o)
                0x08000860                memchr
 .text          0x08000900      0x424 g:/stm32/ac6/plugins/fr.ac6.mcu.externaltools.arm-none.win32_1.17.0.201812190825/tools/compiler/bin/../lib/gcc/arm-none-eabi/7.3.1/thumb/v7e-m/fpv4-sp/hard\libgcc.a(_arm_muldivdf3.o)
                0x08000900                __aeabi_dmul
                0x08000900                __muldf3
                0x08000b54                __divdf3
                0x08000b54                __aeabi_ddiv
 .text          0x08000d24      0x110 g:/stm32/ac6/plugins/fr.ac6.mcu.externaltools.arm-none.win32_1.17.0.201812190825/tools/compiler/bin/../lib/gcc/arm-none-eabi/7.3.1/thumb/v7e-m/fpv4-sp/hard\libgcc.a(_arm_cmpdf2.o)
                0x08000d24                __gtdf2
                0x08000d24                __gedf2
                0x08000d2c                __ltdf2
                0x08000d2c                __ledf2
                0x08000d34                __nedf2
                0x08000d34                __eqdf2
                0x08000d34                __cmpdf2
                0x08000db0                __aeabi_cdrcmple
                0x08000dc0                __aeabi_cdcmpeq
                0x08000dc0                __aeabi_cdcmple
                0x08000dd0                __aeabi_dcmpeq
                0x08000de4                __aeabi_dcmplt
                0x08000df8                __aeabi_dcmple
                0x08000e0c                __aeabi_dcmpge
                0x08000e20                __aeabi_dcmpgt
 .text          0x08000e34       0x2c g:/stm32/ac6/plugins/fr.ac6.mcu.externaltools.arm-none.win32_1.17.0.201812190825/tools/compiler/bin/../lib/gcc/arm-none-eabi/7.3.1/thumb/v7e-m/fpv4-sp/hard\libgcc.a(_arm_unorddf2.o)
                0x08000e34                __unorddf2
                0x08000e34                __aeabi_dcmpun
 .text          0x08000e60       0x50 g:/stm32/ac6/plugins/fr.ac6.mcu.externaltools.arm-none.win32_1.17.0.201812190825/tools/compiler/bin/../lib/gcc/arm-none-eabi/7.3.1/thumb/v7e-m/fpv4-sp/hard\libgcc.a(_arm_fixdfsi.o)
                0x08000e60                __aeabi_d2iz
                0x08000e60                __fixdfsi
 *(.text*)
 .text.MX_DMA_Init
                0x08000eb0       0x44 Core/Src/dma.o
                0x08000eb0                MX_DMA_Init
 .text.MX_GPIO_Init
                0x08000ef4      0x114 Core/Src/gpio.o
                0x08000ef4                MX_GPIO_Init
 .text.l3gd20_write
                0x08001008       0x50 Core/Src/l3gd20_add.o
                0x08001008                l3gd20_write
 .text.l3gd20_read
                0x08001058       0x54 Core/Src/l3gd20_add.o
                0x08001058                l3gd20_read
 .text.tx_com   0x080010ac       0x14 Core/Src/l3gd20_add.o
                0x080010ac                tx_com
 .text.l3gd20_init
                0x080010c0      0x1bc Core/Src/l3gd20_add.o
                0x080010c0                l3gd20_init
 .text.l3gd20_ReadAngularData
                0x0800127c      0x118 Core/Src/l3gd20_add.o
                0x0800127c                l3gd20_ReadAngularData
 .text.l3gd20h_read_reg
                0x08001394        0xa Core/Src/l3gd20h_reg.o
                0x08001394                l3gd20h_read_reg
 .text.l3gd20h_write_reg
                0x0800139e        0xa Core/Src/l3gd20h_reg.o
                0x0800139e                l3gd20h_write_reg
 .text.l3gd20h_from_fs2000_to_mdps
                0x080013a8       0x18 Core/Src/l3gd20h_reg.o
                0x080013a8                l3gd20h_from_fs2000_to_mdps
 .text.l3gd20h_gy_data_rate_set
                0x080013c0       0x36 Core/Src/l3gd20h_reg.o
                0x080013c0                l3gd20h_gy_data_rate_set
 .text.l3gd20h_gy_full_scale_set
                0x080013f6       0x38 Core/Src/l3gd20h_reg.o
                0x080013f6                l3gd20h_gy_full_scale_set
 .text.l3gd20h_block_data_update_set
                0x0800142e       0x38 Core/Src/l3gd20h_reg.o
                0x0800142e                l3gd20h_block_data_update_set
 .text.l3gd20h_angular_rate_raw_get
                0x08001466       0x6c Core/Src/l3gd20h_reg.o
                0x08001466                l3gd20h_angular_rate_raw_get
 .text.l3gd20h_dev_id_get
                0x080014d2        0xe Core/Src/l3gd20h_reg.o
                0x080014d2                l3gd20h_dev_id_get
 .text.l3gd20h_dev_data_format_set
                0x080014e0       0x38 Core/Src/l3gd20h_reg.o
                0x080014e0                l3gd20h_dev_data_format_set
 .text.l3gd20h_dev_status_get
                0x08001518       0x56 Core/Src/l3gd20h_reg.o
                0x08001518                l3gd20h_dev_status_get
 .text.Error_Handler
                0x0800156e        0x4 Core/Src/main.o
                0x0800156e                Error_Handler
 .text.SystemClock_Config
                0x08001572       0x94 Core/Src/main.o
                0x08001572                SystemClock_Config
 *fill*         0x08001606        0x2 
 .text.main     0x08001608       0x60 Core/Src/main.o
                0x08001608                main
 .text.MX_SPI2_Init
                0x08001668       0x50 Core/Src/spi.o
                0x08001668                MX_SPI2_Init
 .text.HAL_SPI_MspInit
                0x080016b8       0x7c Core/Src/spi.o
                0x080016b8                HAL_SPI_MspInit
 .text.HAL_MspInit
                0x08001734       0x30 Core/Src/stm32l4xx_hal_msp.o
                0x08001734                HAL_MspInit
 .text.NMI_Handler
                0x08001764        0x2 Core/Src/stm32l4xx_it.o
                0x08001764                NMI_Handler
 .text.HardFault_Handler
                0x08001766        0x2 Core/Src/stm32l4xx_it.o
                0x08001766                HardFault_Handler
 .text.MemManage_Handler
                0x08001768        0x2 Core/Src/stm32l4xx_it.o
                0x08001768                MemManage_Handler
 .text.BusFault_Handler
                0x0800176a        0x2 Core/Src/stm32l4xx_it.o
                0x0800176a                BusFault_Handler
 .text.UsageFault_Handler
                0x0800176c        0x2 Core/Src/stm32l4xx_it.o
                0x0800176c                UsageFault_Handler
 .text.SVC_Handler
                0x0800176e        0x2 Core/Src/stm32l4xx_it.o
                0x0800176e                SVC_Handler
 .text.DebugMon_Handler
                0x08001770        0x2 Core/Src/stm32l4xx_it.o
                0x08001770                DebugMon_Handler
 .text.PendSV_Handler
                0x08001772        0x2 Core/Src/stm32l4xx_it.o
                0x08001772                PendSV_Handler
 .text.SysTick_Handler
                0x08001774        0x8 Core/Src/stm32l4xx_it.o
                0x08001774                SysTick_Handler
 .text.DMA1_Channel6_IRQHandler
                0x0800177c       0x10 Core/Src/stm32l4xx_it.o
                0x0800177c                DMA1_Channel6_IRQHandler
 .text.DMA1_Channel7_IRQHandler
                0x0800178c       0x10 Core/Src/stm32l4xx_it.o
                0x0800178c                DMA1_Channel7_IRQHandler
 .text.SPI2_IRQHandler
                0x0800179c       0x10 Core/Src/stm32l4xx_it.o
                0x0800179c                SPI2_IRQHandler
 .text.USART2_IRQHandler
                0x080017ac       0x10 Core/Src/stm32l4xx_it.o
                0x080017ac                USART2_IRQHandler
 .text._sbrk    0x080017bc       0x3c Core/Src/syscalls.o
                0x080017bc                _sbrk
 .text.SystemInit
                0x080017f8       0x48 Core/Src/system_stm32l4xx.o
                0x080017f8                SystemInit
 .text.MX_USART2_UART_Init
                0x08001840       0x38 Core/Src/usart.o
                0x08001840                MX_USART2_UART_Init
 .text.HAL_UART_MspInit
                0x08001878       0xe4 Core/Src/usart.o
                0x08001878                HAL_UART_MspInit
 .text.HAL_InitTick
                0x0800195c       0x4c Drivers/STM32L4xx_HAL_Driver/Src/stm32l4xx_hal.o
                0x0800195c                HAL_InitTick
 .text.HAL_Init
                0x080019a8       0x1e Drivers/STM32L4xx_HAL_Driver/Src/stm32l4xx_hal.o
                0x080019a8                HAL_Init
 *fill*         0x080019c6        0x2 
 .text.HAL_IncTick
                0x080019c8       0x18 Drivers/STM32L4xx_HAL_Driver/Src/stm32l4xx_hal.o
                0x080019c8                HAL_IncTick
 .text.HAL_GetTick
                0x080019e0        0xc Drivers/STM32L4xx_HAL_Driver/Src/stm32l4xx_hal.o
                0x080019e0                HAL_GetTick
 .text.HAL_Delay
                0x080019ec       0x28 Drivers/STM32L4xx_HAL_Driver/Src/stm32l4xx_hal.o
                0x080019ec                HAL_Delay
 .text.HAL_NVIC_SetPriorityGrouping
                0x08001a14       0x24 Drivers/STM32L4xx_HAL_Driver/Src/stm32l4xx_hal_cortex.o
                0x08001a14                HAL_NVIC_SetPriorityGrouping
 .text.HAL_NVIC_SetPriority
                0x08001a38       0x68 Drivers/STM32L4xx_HAL_Driver/Src/stm32l4xx_hal_cortex.o
                0x08001a38                HAL_NVIC_SetPriority
 .text.HAL_NVIC_EnableIRQ
                0x08001aa0       0x1c Drivers/STM32L4xx_HAL_Driver/Src/stm32l4xx_hal_cortex.o
                0x08001aa0                HAL_NVIC_EnableIRQ
 .text.HAL_SYSTICK_Config
                0x08001abc       0x2c Drivers/STM32L4xx_HAL_Driver/Src/stm32l4xx_hal_cortex.o
                0x08001abc                HAL_SYSTICK_Config
 .text.DMA_SetConfig
                0x08001ae8       0x30 Drivers/STM32L4xx_HAL_Driver/Src/stm32l4xx_hal_dma.o
 .text.HAL_DMA_Init
                0x08001b18       0xf8 Drivers/STM32L4xx_HAL_Driver/Src/stm32l4xx_hal_dma.o
                0x08001b18                HAL_DMA_Init
 .text.HAL_DMA_Start_IT
                0x08001c10       0x76 Drivers/STM32L4xx_HAL_Driver/Src/stm32l4xx_hal_dma.o
                0x08001c10                HAL_DMA_Start_IT
 .text.HAL_DMA_Abort_IT
                0x08001c86       0x50 Drivers/STM32L4xx_HAL_Driver/Src/stm32l4xx_hal_dma.o
                0x08001c86                HAL_DMA_Abort_IT
 .text.HAL_DMA_IRQHandler
                0x08001cd6       0xc4 Drivers/STM32L4xx_HAL_Driver/Src/stm32l4xx_hal_dma.o
                0x08001cd6                HAL_DMA_IRQHandler
 *fill*         0x08001d9a        0x2 
 .text.HAL_GPIO_Init
                0x08001d9c      0x1c8 Drivers/STM32L4xx_HAL_Driver/Src/stm32l4xx_hal_gpio.o
                0x08001d9c                HAL_GPIO_Init
 .text.HAL_GPIO_WritePin
                0x08001f64        0xa Drivers/STM32L4xx_HAL_Driver/Src/stm32l4xx_hal_gpio.o
                0x08001f64                HAL_GPIO_WritePin
 *fill*         0x08001f6e        0x2 
 .text.HAL_PWREx_GetVoltageRange
                0x08001f70       0x10 Drivers/STM32L4xx_HAL_Driver/Src/stm32l4xx_hal_pwr_ex.o
                0x08001f70                HAL_PWREx_GetVoltageRange
 .text.HAL_PWREx_ControlVoltageScaling
                0x08001f80       0x90 Drivers/STM32L4xx_HAL_Driver/Src/stm32l4xx_hal_pwr_ex.o
                0x08001f80                HAL_PWREx_ControlVoltageScaling
 .text.RCC_SetFlashLatencyFromMSIRange
                0x08002010       0x90 Drivers/STM32L4xx_HAL_Driver/Src/stm32l4xx_hal_rcc.o
 .text.HAL_RCC_GetSysClockFreq
                0x080020a0       0xb4 Drivers/STM32L4xx_HAL_Driver/Src/stm32l4xx_hal_rcc.o
                0x080020a0                HAL_RCC_GetSysClockFreq
 .text.HAL_RCC_OscConfig
                0x08002154      0x638 Drivers/STM32L4xx_HAL_Driver/Src/stm32l4xx_hal_rcc.o
                0x08002154                HAL_RCC_OscConfig
 .text.HAL_RCC_ClockConfig
                0x0800278c      0x158 Drivers/STM32L4xx_HAL_Driver/Src/stm32l4xx_hal_rcc.o
                0x0800278c                HAL_RCC_ClockConfig
 .text.HAL_RCC_GetHCLKFreq
                0x080028e4        0xc Drivers/STM32L4xx_HAL_Driver/Src/stm32l4xx_hal_rcc.o
                0x080028e4                HAL_RCC_GetHCLKFreq
 .text.HAL_RCC_GetPCLK1Freq
                0x080028f0       0x24 Drivers/STM32L4xx_HAL_Driver/Src/stm32l4xx_hal_rcc.o
                0x080028f0                HAL_RCC_GetPCLK1Freq
 .text.HAL_RCC_GetPCLK2Freq
                0x08002914       0x24 Drivers/STM32L4xx_HAL_Driver/Src/stm32l4xx_hal_rcc.o
                0x08002914                HAL_RCC_GetPCLK2Freq
 .text.RCCEx_PLLSAI1_Config
                0x08002938      0x170 Drivers/STM32L4xx_HAL_Driver/Src/stm32l4xx_hal_rcc_ex.o
 .text.RCCEx_PLLSAI2_Config
                0x08002aa8      0x14c Drivers/STM32L4xx_HAL_Driver/Src/stm32l4xx_hal_rcc_ex.o
 .text.HAL_RCCEx_PeriphCLKConfig
                0x08002bf4      0x450 Drivers/STM32L4xx_HAL_Driver/Src/stm32l4xx_hal_rcc_ex.o
                0x08002bf4                HAL_RCCEx_PeriphCLKConfig
 .text.SPI_WaitFlagStateUntilTimeout
                0x08003044       0xd0 Drivers/STM32L4xx_HAL_Driver/Src/stm32l4xx_hal_spi.o
 .text.SPI_WaitFifoStateUntilTimeout
                0x08003114       0xdc Drivers/STM32L4xx_HAL_Driver/Src/stm32l4xx_hal_spi.o
 .text.SPI_EndRxTxTransaction
                0x080031f0       0x66 Drivers/STM32L4xx_HAL_Driver/Src/stm32l4xx_hal_spi.o
 .text.SPI_EndRxTransaction
                0x08003256       0x88 Drivers/STM32L4xx_HAL_Driver/Src/stm32l4xx_hal_spi.o
 .text.HAL_SPI_Init
                0x080032de       0xde Drivers/STM32L4xx_HAL_Driver/Src/stm32l4xx_hal_spi.o
                0x080032de                HAL_SPI_Init
 .text.HAL_SPI_Transmit
                0x080033bc      0x1e6 Drivers/STM32L4xx_HAL_Driver/Src/stm32l4xx_hal_spi.o
                0x080033bc                HAL_SPI_Transmit
 .text.HAL_SPI_TransmitReceive
                0x080035a2      0x2ce Drivers/STM32L4xx_HAL_Driver/Src/stm32l4xx_hal_spi.o
                0x080035a2                HAL_SPI_TransmitReceive
 .text.HAL_SPI_Receive
                0x08003870      0x19e Drivers/STM32L4xx_HAL_Driver/Src/stm32l4xx_hal_spi.o
                0x08003870                HAL_SPI_Receive
 .text.HAL_SPI_ErrorCallback
                0x08003a0e        0x2 Drivers/STM32L4xx_HAL_Driver/Src/stm32l4xx_hal_spi.o
                0x08003a0e                HAL_SPI_ErrorCallback
 .text.HAL_SPI_IRQHandler
                0x08003a10      0x120 Drivers/STM32L4xx_HAL_Driver/Src/stm32l4xx_hal_spi.o
                0x08003a10                HAL_SPI_IRQHandler
 .text.SPI_DMAAbortOnError
                0x08003b30       0x12 Drivers/STM32L4xx_HAL_Driver/Src/stm32l4xx_hal_spi.o
 .text.UART_EndTxTransfer
                0x08003b42       0x10 Drivers/STM32L4xx_HAL_Driver/Src/stm32l4xx_hal_uart.o
 .text.UART_EndRxTransfer
                0x08003b52       0x1e Drivers/STM32L4xx_HAL_Driver/Src/stm32l4xx_hal_uart.o
 .text.HAL_UART_Transmit_DMA
                0x08003b70       0xa4 Drivers/STM32L4xx_HAL_Driver/Src/stm32l4xx_hal_uart.o
                0x08003b70                HAL_UART_Transmit_DMA
 .text.HAL_UART_Receive_DMA
                0x08003c14       0xac Drivers/STM32L4xx_HAL_Driver/Src/stm32l4xx_hal_uart.o
                0x08003c14                HAL_UART_Receive_DMA
 .text.HAL_UART_TxCpltCallback
                0x08003cc0        0x2 Drivers/STM32L4xx_HAL_Driver/Src/stm32l4xx_hal_uart.o
                0x08003cc0                HAL_UART_TxCpltCallback
 .text.UART_DMATransmitCplt
                0x08003cc2       0x32 Drivers/STM32L4xx_HAL_Driver/Src/stm32l4xx_hal_uart.o
 .text.UART_EndTransmit_IT
                0x08003cf4       0x1a Drivers/STM32L4xx_HAL_Driver/Src/stm32l4xx_hal_uart.o
 .text.HAL_UART_TxHalfCpltCallback
                0x08003d0e        0x2 Drivers/STM32L4xx_HAL_Driver/Src/stm32l4xx_hal_uart.o
                0x08003d0e                HAL_UART_TxHalfCpltCallback
 .text.UART_DMATxHalfCplt
                0x08003d10        0xa Drivers/STM32L4xx_HAL_Driver/Src/stm32l4xx_hal_uart.o
 .text.HAL_UART_RxCpltCallback
                0x08003d1a        0x2 Drivers/STM32L4xx_HAL_Driver/Src/stm32l4xx_hal_uart.o
                0x08003d1a                HAL_UART_RxCpltCallback
 .text.UART_DMAReceiveCplt
                0x08003d1c       0x3e Drivers/STM32L4xx_HAL_Driver/Src/stm32l4xx_hal_uart.o
 .text.HAL_UART_RxHalfCpltCallback
                0x08003d5a        0x2 Drivers/STM32L4xx_HAL_Driver/Src/stm32l4xx_hal_uart.o
                0x08003d5a                HAL_UART_RxHalfCpltCallback
 .text.UART_DMARxHalfCplt
                0x08003d5c        0xa Drivers/STM32L4xx_HAL_Driver/Src/stm32l4xx_hal_uart.o
 .text.HAL_UART_ErrorCallback
                0x08003d66        0x2 Drivers/STM32L4xx_HAL_Driver/Src/stm32l4xx_hal_uart.o
                0x08003d66                HAL_UART_ErrorCallback
 .text.UART_DMAError
                0x08003d68       0x50 Drivers/STM32L4xx_HAL_Driver/Src/stm32l4xx_hal_uart.o
 .text.HAL_UART_IRQHandler
                0x08003db8      0x17c Drivers/STM32L4xx_HAL_Driver/Src/stm32l4xx_hal_uart.o
                0x08003db8                HAL_UART_IRQHandler
 .text.UART_DMAAbortOnError
                0x08003f34       0x14 Drivers/STM32L4xx_HAL_Driver/Src/stm32l4xx_hal_uart.o
 .text.UART_SetConfig
                0x08003f48      0x324 Drivers/STM32L4xx_HAL_Driver/Src/stm32l4xx_hal_uart.o
                0x08003f48                UART_SetConfig
 .text.UART_AdvFeatureConfig
                0x0800426c       0xca Drivers/STM32L4xx_HAL_Driver/Src/stm32l4xx_hal_uart.o
                0x0800426c                UART_AdvFeatureConfig
 .text.UART_WaitOnFlagUntilTimeout
                0x08004336       0x9c Drivers/STM32L4xx_HAL_Driver/Src/stm32l4xx_hal_uart.o
                0x08004336                UART_WaitOnFlagUntilTimeout
 .text.UART_CheckIdleState
                0x080043d2       0x6c Drivers/STM32L4xx_HAL_Driver/Src/stm32l4xx_hal_uart.o
                0x080043d2                UART_CheckIdleState
 .text.HAL_UART_Init
                0x0800443e       0x62 Drivers/STM32L4xx_HAL_Driver/Src/stm32l4xx_hal_uart.o
                0x0800443e                HAL_UART_Init
 .text.HAL_UARTEx_WakeupCallback
                0x080044a0        0x2 Drivers/STM32L4xx_HAL_Driver/Src/stm32l4xx_hal_uart_ex.o
                0x080044a0                HAL_UARTEx_WakeupCallback
 *fill*         0x080044a2        0x2 
 .text.Reset_Handler
                0x080044a4       0x50 startup/startup_stm32l476xx.o
                0x080044a4                Reset_Handler
 .text.Default_Handler
                0x080044f4        0x2 startup/startup_stm32l476xx.o
                0x080044f4                RTC_Alarm_IRQHandler
                0x080044f4                EXTI2_IRQHandler
                0x080044f4                TIM8_TRG_COM_IRQHandler
                0x080044f4                TIM8_CC_IRQHandler
                0x080044f4                TIM1_CC_IRQHandler
                0x080044f4                TSC_IRQHandler
                0x080044f4                TAMP_STAMP_IRQHandler
                0x080044f4                EXTI3_IRQHandler
                0x080044f4                LPTIM2_IRQHandler
                0x080044f4                DFSDM1_FLT1_IRQHandler
                0x080044f4                I2C3_ER_IRQHandler
                0x080044f4                DFSDM1_FLT2_IRQHandler
                0x080044f4                EXTI0_IRQHandler
                0x080044f4                I2C2_EV_IRQHandler
                0x080044f4                CAN1_RX0_IRQHandler
                0x080044f4                FPU_IRQHandler
                0x080044f4                TIM1_UP_TIM16_IRQHandler
                0x080044f4                ADC1_2_IRQHandler
                0x080044f4                SPI1_IRQHandler
                0x080044f4                TIM6_DAC_IRQHandler
                0x080044f4                TIM8_UP_IRQHandler
                0x080044f4                DMA2_Channel2_IRQHandler
                0x080044f4                DMA1_Channel4_IRQHandler
                0x080044f4                SAI2_IRQHandler
                0x080044f4                DFSDM1_FLT3_IRQHandler
                0x080044f4                USART3_IRQHandler
                0x080044f4                CAN1_RX1_IRQHandler
                0x080044f4                LCD_IRQHandler
                0x080044f4                UART5_IRQHandler
                0x080044f4                ADC3_IRQHandler
                0x080044f4                TIM4_IRQHandler
                0x080044f4                DMA2_Channel1_IRQHandler
                0x080044f4                QUADSPI_IRQHandler
                0x080044f4                I2C1_EV_IRQHandler
                0x080044f4                UART4_IRQHandler
                0x080044f4                DMA2_Channel4_IRQHandler
                0x080044f4                TIM3_IRQHandler
                0x080044f4                RCC_IRQHandler
                0x080044f4                DMA1_Channel1_IRQHandler
                0x080044f4                Default_Handler
                0x080044f4                DMA2_Channel7_IRQHandler
                0x080044f4                EXTI15_10_IRQHandler
                0x080044f4                TIM7_IRQHandler
                0x080044f4                SDMMC1_IRQHandler
                0x080044f4                TIM5_IRQHandler
                0x080044f4                I2C3_EV_IRQHandler
                0x080044f4                EXTI9_5_IRQHandler
                0x080044f4                RTC_WKUP_IRQHandler
                0x080044f4                PVD_PVM_IRQHandler
                0x080044f4                CAN1_TX_IRQHandler
                0x080044f4                DMA2_Channel5_IRQHandler
                0x080044f4                DMA1_Channel5_IRQHandler
                0x080044f4                EXTI4_IRQHandler
                0x080044f4                RNG_IRQHandler
                0x080044f4                TIM1_TRG_COM_TIM17_IRQHandler
                0x080044f4                DMA1_Channel3_IRQHandler
                0x080044f4                COMP_IRQHandler
                0x080044f4                WWDG_IRQHandler
                0x080044f4                LPUART1_IRQHandler
                0x080044f4                DMA2_Channel6_IRQHandler
                0x080044f4                TIM2_IRQHandler
                0x080044f4                EXTI1_IRQHandler
                0x080044f4                DFSDM1_FLT0_IRQHandler
                0x080044f4                I2C2_ER_IRQHandler
                0x080044f4                DMA1_Channel2_IRQHandler
                0x080044f4                TIM8_BRK_IRQHandler
                0x080044f4                CAN1_SCE_IRQHandler
                0x080044f4                FLASH_IRQHandler
                0x080044f4                USART1_IRQHandler
                0x080044f4                OTG_FS_IRQHandler
                0x080044f4                SPI3_IRQHandler
                0x080044f4                I2C1_ER_IRQHandler
                0x080044f4                FMC_IRQHandler
                0x080044f4                SWPMI1_IRQHandler
                0x080044f4                LPTIM1_IRQHandler
                0x080044f4                SAI1_IRQHandler
                0x080044f4                DMA2_Channel3_IRQHandler
                0x080044f4                TIM1_BRK_TIM15_IRQHandler
 *fill*         0x080044f6        0x2 
 .text.__errno  0x080044f8        0xc g:/stm32/ac6/plugins/fr.ac6.mcu.externaltools.arm-none.win32_1.17.0.201812190825/tools/compiler/bin/../lib/gcc/arm-none-eabi/7.3.1/../../../../arm-none-eabi/lib/thumb/v7e-m/fpv4-sp/hard\libc_nano.a(lib_a-errno.o)
                0x080044f8                __errno
 .text.__libc_init_array
                0x08004504       0x48 g:/stm32/ac6/plugins/fr.ac6.mcu.externaltools.arm-none.win32_1.17.0.201812190825/tools/compiler/bin/../lib/gcc/arm-none-eabi/7.3.1/../../../../arm-none-eabi/lib/thumb/v7e-m/fpv4-sp/hard\libc_nano.a(lib_a-init.o)
                0x08004504                __libc_init_array
 .text.memset   0x0800454c       0x10 g:/stm32/ac6/plugins/fr.ac6.mcu.externaltools.arm-none.win32_1.17.0.201812190825/tools/compiler/bin/../lib/gcc/arm-none-eabi/7.3.1/../../../../arm-none-eabi/lib/thumb/v7e-m/fpv4-sp/hard\libc_nano.a(lib_a-memset.o)
                0x0800454c                memset
 .text.__cvt    0x0800455c       0xc2 g:/stm32/ac6/plugins/fr.ac6.mcu.externaltools.arm-none.win32_1.17.0.201812190825/tools/compiler/bin/../lib/gcc/arm-none-eabi/7.3.1/../../../../arm-none-eabi/lib/thumb/v7e-m/fpv4-sp/hard\libc_nano.a(lib_a-nano-vfprintf_float.o)
                0x0800455c                __cvt
 .text.__exponent
                0x0800461e       0x66 g:/stm32/ac6/plugins/fr.ac6.mcu.externaltools.arm-none.win32_1.17.0.201812190825/tools/compiler/bin/../lib/gcc/arm-none-eabi/7.3.1/../../../../arm-none-eabi/lib/thumb/v7e-m/fpv4-sp/hard\libc_nano.a(lib_a-nano-vfprintf_float.o)
                0x0800461e                __exponent
 .text._printf_float
                0x08004684      0x480 g:/stm32/ac6/plugins/fr.ac6.mcu.externaltools.arm-none.win32_1.17.0.201812190825/tools/compiler/bin/../lib/gcc/arm-none-eabi/7.3.1/../../../../arm-none-eabi/lib/thumb/v7e-m/fpv4-sp/hard\libc_nano.a(lib_a-nano-vfprintf_float.o)
                0x08004684                _printf_float
 .text._printf_common
                0x08004b04       0xea g:/stm32/ac6/plugins/fr.ac6.mcu.externaltools.arm-none.win32_1.17.0.201812190825/tools/compiler/bin/../lib/gcc/arm-none-eabi/7.3.1/../../../../arm-none-eabi/lib/thumb/v7e-m/fpv4-sp/hard\libc_nano.a(lib_a-nano-vfprintf_i.o)
                0x08004b04                _printf_common
 *fill*         0x08004bee        0x2 
 .text._printf_i
                0x08004bf0      0x224 g:/stm32/ac6/plugins/fr.ac6.mcu.externaltools.arm-none.win32_1.17.0.201812190825/tools/compiler/bin/../lib/gcc/arm-none-eabi/7.3.1/../../../../arm-none-eabi/lib/thumb/v7e-m/fpv4-sp/hard\libc_nano.a(lib_a-nano-vfprintf_i.o)
                0x08004bf0                _printf_i
 .text.sprintf  0x08004e14       0x40 g:/stm32/ac6/plugins/fr.ac6.mcu.externaltools.arm-none.win32_1.17.0.201812190825/tools/compiler/bin/../lib/gcc/arm-none-eabi/7.3.1/../../../../arm-none-eabi/lib/thumb/v7e-m/fpv4-sp/hard\libc_nano.a(lib_a-sprintf.o)
                0x08004e14                siprintf
                0x08004e14                sprintf
 .text.quorem   0x08004e54      0x118 g:/stm32/ac6/plugins/fr.ac6.mcu.externaltools.arm-none.win32_1.17.0.201812190825/tools/compiler/bin/../lib/gcc/arm-none-eabi/7.3.1/../../../../arm-none-eabi/lib/thumb/v7e-m/fpv4-sp/hard\libc_nano.a(lib_a-dtoa.o)
 *fill*         0x08004f6c        0x4 
 .text._dtoa_r  0x08004f70      0xb70 g:/stm32/ac6/plugins/fr.ac6.mcu.externaltools.arm-none.win32_1.17.0.201812190825/tools/compiler/bin/../lib/gcc/arm-none-eabi/7.3.1/../../../../arm-none-eabi/lib/thumb/v7e-m/fpv4-sp/hard\libc_nano.a(lib_a-dtoa.o)
                0x08004f70                _dtoa_r
 .text._localeconv_r
                0x08005ae0       0x1c g:/stm32/ac6/plugins/fr.ac6.mcu.externaltools.arm-none.win32_1.17.0.201812190825/tools/compiler/bin/../lib/gcc/arm-none-eabi/7.3.1/../../../../arm-none-eabi/lib/thumb/v7e-m/fpv4-sp/hard\libc_nano.a(lib_a-localeconv.o)
                0x08005ae0                _localeconv_r
 .text.malloc   0x08005afc       0x10 g:/stm32/ac6/plugins/fr.ac6.mcu.externaltools.arm-none.win32_1.17.0.201812190825/tools/compiler/bin/../lib/gcc/arm-none-eabi/7.3.1/../../../../arm-none-eabi/lib/thumb/v7e-m/fpv4-sp/hard\libc_nano.a(lib_a-malloc.o)
                0x08005afc                malloc
 .text.memcpy   0x08005b0c       0x16 g:/stm32/ac6/plugins/fr.ac6.mcu.externaltools.arm-none.win32_1.17.0.201812190825/tools/compiler/bin/../lib/gcc/arm-none-eabi/7.3.1/../../../../arm-none-eabi/lib/thumb/v7e-m/fpv4-sp/hard\libc_nano.a(lib_a-memcpy-stub.o)
                0x08005b0c                memcpy
 .text._Balloc  0x08005b22       0x68 g:/stm32/ac6/plugins/fr.ac6.mcu.externaltools.arm-none.win32_1.17.0.201812190825/tools/compiler/bin/../lib/gcc/arm-none-eabi/7.3.1/../../../../arm-none-eabi/lib/thumb/v7e-m/fpv4-sp/hard\libc_nano.a(lib_a-mprec.o)
                0x08005b22                _Balloc
 .text._Bfree   0x08005b8a       0x2e g:/stm32/ac6/plugins/fr.ac6.mcu.externaltools.arm-none.win32_1.17.0.201812190825/tools/compiler/bin/../lib/gcc/arm-none-eabi/7.3.1/../../../../arm-none-eabi/lib/thumb/v7e-m/fpv4-sp/hard\libc_nano.a(lib_a-mprec.o)
                0x08005b8a                _Bfree
 .text.__multadd
                0x08005bb8       0x76 g:/stm32/ac6/plugins/fr.ac6.mcu.externaltools.arm-none.win32_1.17.0.201812190825/tools/compiler/bin/../lib/gcc/arm-none-eabi/7.3.1/../../../../arm-none-eabi/lib/thumb/v7e-m/fpv4-sp/hard\libc_nano.a(lib_a-mprec.o)
                0x08005bb8                __multadd
 .text.__hi0bits
                0x08005c2e       0x3e g:/stm32/ac6/plugins/fr.ac6.mcu.externaltools.arm-none.win32_1.17.0.201812190825/tools/compiler/bin/../lib/gcc/arm-none-eabi/7.3.1/../../../../arm-none-eabi/lib/thumb/v7e-m/fpv4-sp/hard\libc_nano.a(lib_a-mprec.o)
                0x08005c2e                __hi0bits
 .text.__lo0bits
                0x08005c6c       0x5e g:/stm32/ac6/plugins/fr.ac6.mcu.externaltools.arm-none.win32_1.17.0.201812190825/tools/compiler/bin/../lib/gcc/arm-none-eabi/7.3.1/../../../../arm-none-eabi/lib/thumb/v7e-m/fpv4-sp/hard\libc_nano.a(lib_a-mprec.o)
                0x08005c6c                __lo0bits
 .text.__i2b    0x08005cca       0x12 g:/stm32/ac6/plugins/fr.ac6.mcu.externaltools.arm-none.win32_1.17.0.201812190825/tools/compiler/bin/../lib/gcc/arm-none-eabi/7.3.1/../../../../arm-none-eabi/lib/thumb/v7e-m/fpv4-sp/hard\libc_nano.a(lib_a-mprec.o)
                0x08005cca                __i2b
 .text.__multiply
                0x08005cdc      0x12c g:/stm32/ac6/plugins/fr.ac6.mcu.externaltools.arm-none.win32_1.17.0.201812190825/tools/compiler/bin/../lib/gcc/arm-none-eabi/7.3.1/../../../../arm-none-eabi/lib/thumb/v7e-m/fpv4-sp/hard\libc_nano.a(lib_a-mprec.o)
                0x08005cdc                __multiply
 .text.__pow5mult
                0x08005e08       0x9c g:/stm32/ac6/plugins/fr.ac6.mcu.externaltools.arm-none.win32_1.17.0.201812190825/tools/compiler/bin/../lib/gcc/arm-none-eabi/7.3.1/../../../../arm-none-eabi/lib/thumb/v7e-m/fpv4-sp/hard\libc_nano.a(lib_a-mprec.o)
                0x08005e08                __pow5mult
 .text.__lshift
                0x08005ea4       0xa8 g:/stm32/ac6/plugins/fr.ac6.mcu.externaltools.arm-none.win32_1.17.0.201812190825/tools/compiler/bin/../lib/gcc/arm-none-eabi/7.3.1/../../../../arm-none-eabi/lib/thumb/v7e-m/fpv4-sp/hard\libc_nano.a(lib_a-mprec.o)
                0x08005ea4                __lshift
 .text.__mcmp   0x08005f4c       0x34 g:/stm32/ac6/plugins/fr.ac6.mcu.externaltools.arm-none.win32_1.17.0.201812190825/tools/compiler/bin/../lib/gcc/arm-none-eabi/7.3.1/../../../../arm-none-eabi/lib/thumb/v7e-m/fpv4-sp/hard\libc_nano.a(lib_a-mprec.o)
                0x08005f4c                __mcmp
 .text.__mdiff  0x08005f80       0xba g:/stm32/ac6/plugins/fr.ac6.mcu.externaltools.arm-none.win32_1.17.0.201812190825/tools/compiler/bin/../lib/gcc/arm-none-eabi/7.3.1/../../../../arm-none-eabi/lib/thumb/v7e-m/fpv4-sp/hard\libc_nano.a(lib_a-mprec.o)
                0x08005f80                __mdiff
 .text.__d2b    0x0800603a       0x9e g:/stm32/ac6/plugins/fr.ac6.mcu.externaltools.arm-none.win32_1.17.0.201812190825/tools/compiler/bin/../lib/gcc/arm-none-eabi/7.3.1/../../../../arm-none-eabi/lib/thumb/v7e-m/fpv4-sp/hard\libc_nano.a(lib_a-mprec.o)
                0x0800603a                __d2b
 .text._calloc_r
                0x080060d8       0x1c g:/stm32/ac6/plugins/fr.ac6.mcu.externaltools.arm-none.win32_1.17.0.201812190825/tools/compiler/bin/../lib/gcc/arm-none-eabi/7.3.1/../../../../arm-none-eabi/lib/thumb/v7e-m/fpv4-sp/hard\libc_nano.a(lib_a-nano-callocr.o)
                0x080060d8                _calloc_r
 .text._free_r  0x080060f4       0x9c g:/stm32/ac6/plugins/fr.ac6.mcu.externaltools.arm-none.win32_1.17.0.201812190825/tools/compiler/bin/../lib/gcc/arm-none-eabi/7.3.1/../../../../arm-none-eabi/lib/thumb/v7e-m/fpv4-sp/hard\libc_nano.a(lib_a-nano-freer.o)
                0x080060f4                _free_r
 .text._malloc_r
                0x08006190       0xb4 g:/stm32/ac6/plugins/fr.ac6.mcu.externaltools.arm-none.win32_1.17.0.201812190825/tools/compiler/bin/../lib/gcc/arm-none-eabi/7.3.1/../../../../arm-none-eabi/lib/thumb/v7e-m/fpv4-sp/hard\libc_nano.a(lib_a-nano-mallocr.o)
                0x08006190                _malloc_r
 .text.__ssputs_r
                0x08006244       0xb4 g:/stm32/ac6/plugins/fr.ac6.mcu.externaltools.arm-none.win32_1.17.0.201812190825/tools/compiler/bin/../lib/gcc/arm-none-eabi/7.3.1/../../../../arm-none-eabi/lib/thumb/v7e-m/fpv4-sp/hard\libc_nano.a(lib_a-nano-svfprintf.o)
                0x08006244                __ssputs_r
 .text._svfprintf_r
                0x080062f8      0x1f0 g:/stm32/ac6/plugins/fr.ac6.mcu.externaltools.arm-none.win32_1.17.0.201812190825/tools/compiler/bin/../lib/gcc/arm-none-eabi/7.3.1/../../../../arm-none-eabi/lib/thumb/v7e-m/fpv4-sp/hard\libc_nano.a(lib_a-nano-svfprintf.o)
                0x080062f8                _svfiprintf_r
                0x080062f8                _svfprintf_r
 .text._sbrk_r  0x080064e8       0x20 g:/stm32/ac6/plugins/fr.ac6.mcu.externaltools.arm-none.win32_1.17.0.201812190825/tools/compiler/bin/../lib/gcc/arm-none-eabi/7.3.1/../../../../arm-none-eabi/lib/thumb/v7e-m/fpv4-sp/hard\libc_nano.a(lib_a-sbrkr.o)
                0x080064e8                _sbrk_r
 .text.__ascii_mbtowc
                0x08006508       0x24 g:/stm32/ac6/plugins/fr.ac6.mcu.externaltools.arm-none.win32_1.17.0.201812190825/tools/compiler/bin/../lib/gcc/arm-none-eabi/7.3.1/../../../../arm-none-eabi/lib/thumb/v7e-m/fpv4-sp/hard\libc_nano.a(lib_a-mbtowc_r.o)
                0x08006508                __ascii_mbtowc
 .text.memmove  0x0800652c       0x32 g:/stm32/ac6/plugins/fr.ac6.mcu.externaltools.arm-none.win32_1.17.0.201812190825/tools/compiler/bin/../lib/gcc/arm-none-eabi/7.3.1/../../../../arm-none-eabi/lib/thumb/v7e-m/fpv4-sp/hard\libc_nano.a(lib_a-memmove.o)
                0x0800652c                memmove
 .text.__malloc_lock
                0x0800655e        0x2 g:/stm32/ac6/plugins/fr.ac6.mcu.externaltools.arm-none.win32_1.17.0.201812190825/tools/compiler/bin/../lib/gcc/arm-none-eabi/7.3.1/../../../../arm-none-eabi/lib/thumb/v7e-m/fpv4-sp/hard\libc_nano.a(lib_a-mlock.o)
                0x0800655e                __malloc_lock
 .text.__malloc_unlock
                0x08006560        0x2 g:/stm32/ac6/plugins/fr.ac6.mcu.externaltools.arm-none.win32_1.17.0.201812190825/tools/compiler/bin/../lib/gcc/arm-none-eabi/7.3.1/../../../../arm-none-eabi/lib/thumb/v7e-m/fpv4-sp/hard\libc_nano.a(lib_a-mlock.o)
                0x08006560                __malloc_unlock
 .text._realloc_r
                0x08006562       0x4c g:/stm32/ac6/plugins/fr.ac6.mcu.externaltools.arm-none.win32_1.17.0.201812190825/tools/compiler/bin/../lib/gcc/arm-none-eabi/7.3.1/../../../../arm-none-eabi/lib/thumb/v7e-m/fpv4-sp/hard\libc_nano.a(lib_a-nano-reallocr.o)
                0x08006562                _realloc_r
 .text.__ascii_wctomb
                0x080065ae       0x1a g:/stm32/ac6/plugins/fr.ac6.mcu.externaltools.arm-none.win32_1.17.0.201812190825/tools/compiler/bin/../lib/gcc/arm-none-eabi/7.3.1/../../../../arm-none-eabi/lib/thumb/v7e-m/fpv4-sp/hard\libc_nano.a(lib_a-wctomb_r.o)
                0x080065ae                __ascii_wctomb
 .text._malloc_usable_size_r
                0x080065c8       0x10 g:/stm32/ac6/plugins/fr.ac6.mcu.externaltools.arm-none.win32_1.17.0.201812190825/tools/compiler/bin/../lib/gcc/arm-none-eabi/7.3.1/../../../../arm-none-eabi/lib/thumb/v7e-m/fpv4-sp/hard\libc_nano.a(lib_a-nano-msizer.o)
                0x080065c8                _malloc_usable_size_r
 *(.glue_7)
 .glue_7        0x080065d8        0x0 linker stubs
 *(.glue_7t)
 .glue_7t       0x080065d8        0x0 linker stubs
 *(.eh_frame)
 .eh_frame      0x080065d8        0x0 g:/stm32/ac6/plugins/fr.ac6.mcu.externaltools.arm-none.win32_1.17.0.201812190825/tools/compiler/bin/../lib/gcc/arm-none-eabi/7.3.1/thumb/v7e-m/fpv4-sp/hard/crtbegin.o
 *(.init)
 .init          0x080065d8        0x4 g:/stm32/ac6/plugins/fr.ac6.mcu.externaltools.arm-none.win32_1.17.0.201812190825/tools/compiler/bin/../lib/gcc/arm-none-eabi/7.3.1/thumb/v7e-m/fpv4-sp/hard/crti.o
                0x080065d8                _init
 .init          0x080065dc        0x8 g:/stm32/ac6/plugins/fr.ac6.mcu.externaltools.arm-none.win32_1.17.0.201812190825/tools/compiler/bin/../lib/gcc/arm-none-eabi/7.3.1/thumb/v7e-m/fpv4-sp/hard/crtn.o
 *(.fini)
 .fini          0x080065e4        0x4 g:/stm32/ac6/plugins/fr.ac6.mcu.externaltools.arm-none.win32_1.17.0.201812190825/tools/compiler/bin/../lib/gcc/arm-none-eabi/7.3.1/thumb/v7e-m/fpv4-sp/hard/crti.o
                0x080065e4                _fini
 .fini          0x080065e8        0x8 g:/stm32/ac6/plugins/fr.ac6.mcu.externaltools.arm-none.win32_1.17.0.201812190825/tools/compiler/bin/../lib/gcc/arm-none-eabi/7.3.1/thumb/v7e-m/fpv4-sp/hard/crtn.o
                0x080065f0                . = ALIGN (0x8)
                0x080065f0                _etext = .

.vfp11_veneer   0x080065f0        0x0
 .vfp11_veneer  0x080065f0        0x0 linker stubs

.v4_bx          0x080065f0        0x0
 .v4_bx         0x080065f0        0x0 linker stubs

.iplt           0x080065f0        0x0
 .iplt          0x080065f0        0x0 g:/stm32/ac6/plugins/fr.ac6.mcu.externaltools.arm-none.win32_1.17.0.201812190825/tools/compiler/bin/../lib/gcc/arm-none-eabi/7.3.1/thumb/v7e-m/fpv4-sp/hard/crtbegin.o

.rodata         0x080065f0      0x490
                0x080065f0                . = ALIGN (0x8)
 *(.rodata)
 .rodata        0x080065f0       0x48 Core/Src/system_stm32l4xx.o
                0x080065f0                MSIRangeTable
                0x08006620                AHBPrescTable
                0x08006630                APBPrescTable
 *(.rodata*)
 .rodata.str1.4
                0x08006638      0x1d5 Core/Src/l3gd20_add.o
 *fill*         0x0800680d        0x3 
 .rodata.str1.4
                0x08006810       0x10 Core/Src/main.o
 .rodata._printf_float.str1.1
                0x08006820       0x12 g:/stm32/ac6/plugins/fr.ac6.mcu.externaltools.arm-none.win32_1.17.0.201812190825/tools/compiler/bin/../lib/gcc/arm-none-eabi/7.3.1/../../../../arm-none-eabi/lib/thumb/v7e-m/fpv4-sp/hard\libc_nano.a(lib_a-nano-vfprintf_float.o)
 .rodata._printf_i.str1.1
                0x08006832       0x22 g:/stm32/ac6/plugins/fr.ac6.mcu.externaltools.arm-none.win32_1.17.0.201812190825/tools/compiler/bin/../lib/gcc/arm-none-eabi/7.3.1/../../../../arm-none-eabi/lib/thumb/v7e-m/fpv4-sp/hard\libc_nano.a(lib_a-nano-vfprintf_i.o)
 .rodata._dtoa_r.str1.1
                0x08006854        0xd g:/stm32/ac6/plugins/fr.ac6.mcu.externaltools.arm-none.win32_1.17.0.201812190825/tools/compiler/bin/../lib/gcc/arm-none-eabi/7.3.1/../../../../arm-none-eabi/lib/thumb/v7e-m/fpv4-sp/hard\libc_nano.a(lib_a-dtoa.o)
                                  0xf (size before relaxing)
 *fill*         0x08006861        0x7 
 .rodata.__mprec_bigtens
                0x08006868       0x28 g:/stm32/ac6/plugins/fr.ac6.mcu.externaltools.arm-none.win32_1.17.0.201812190825/tools/compiler/bin/../lib/gcc/arm-none-eabi/7.3.1/../../../../arm-none-eabi/lib/thumb/v7e-m/fpv4-sp/hard\libc_nano.a(lib_a-mprec.o)
                0x08006868                __mprec_bigtens
 .rodata.__mprec_tens
                0x08006890       0xc8 g:/stm32/ac6/plugins/fr.ac6.mcu.externaltools.arm-none.win32_1.17.0.201812190825/tools/compiler/bin/../lib/gcc/arm-none-eabi/7.3.1/../../../../arm-none-eabi/lib/thumb/v7e-m/fpv4-sp/hard\libc_nano.a(lib_a-mprec.o)
                0x08006890                __mprec_tens
 .rodata.p05.7359
                0x08006958        0xc g:/stm32/ac6/plugins/fr.ac6.mcu.externaltools.arm-none.win32_1.17.0.201812190825/tools/compiler/bin/../lib/gcc/arm-none-eabi/7.3.1/../../../../arm-none-eabi/lib/thumb/v7e-m/fpv4-sp/hard\libc_nano.a(lib_a-mprec.o)
 .rodata._svfprintf_r.str1.1
                0x08006964       0x11 g:/stm32/ac6/plugins/fr.ac6.mcu.externaltools.arm-none.win32_1.17.0.201812190825/tools/compiler/bin/../lib/gcc/arm-none-eabi/7.3.1/../../../../arm-none-eabi/lib/thumb/v7e-m/fpv4-sp/hard\libc_nano.a(lib_a-nano-svfprintf.o)
 .rodata._setlocale_r.str1.1
                0x08006975        0x8 g:/stm32/ac6/plugins/fr.ac6.mcu.externaltools.arm-none.win32_1.17.0.201812190825/tools/compiler/bin/../lib/gcc/arm-none-eabi/7.3.1/../../../../arm-none-eabi/lib/thumb/v7e-m/fpv4-sp/hard\libc_nano.a(lib_a-locale.o)
                                  0x9 (size before relaxing)
 .rodata.str1.1
                0x0800697d        0x2 g:/stm32/ac6/plugins/fr.ac6.mcu.externaltools.arm-none.win32_1.17.0.201812190825/tools/compiler/bin/../lib/gcc/arm-none-eabi/7.3.1/../../../../arm-none-eabi/lib/thumb/v7e-m/fpv4-sp/hard\libc_nano.a(lib_a-locale.o)
 .rodata._ctype_
                0x0800697f      0x101 g:/stm32/ac6/plugins/fr.ac6.mcu.externaltools.arm-none.win32_1.17.0.201812190825/tools/compiler/bin/../lib/gcc/arm-none-eabi/7.3.1/../../../../arm-none-eabi/lib/thumb/v7e-m/fpv4-sp/hard\libc_nano.a(lib_a-ctype_.o)
                0x0800697f                _ctype_
                0x08006a80                . = ALIGN (0x8)

.ARM.extab      0x08006a80        0x0
                0x08006a80                . = ALIGN (0x8)
 *(.ARM.extab* .gnu.linkonce.armextab.*)
                0x08006a80                . = ALIGN (0x8)

.ARM            0x08006a80        0x8
                0x08006a80                . = ALIGN (0x8)
                0x08006a80                __exidx_start = .
 *(.ARM.exidx*)
 .ARM.exidx     0x08006a80        0x8 g:/stm32/ac6/plugins/fr.ac6.mcu.externaltools.arm-none.win32_1.17.0.201812190825/tools/compiler/bin/../lib/gcc/arm-none-eabi/7.3.1/thumb/v7e-m/fpv4-sp/hard\libgcc.a(_udivmoddi4.o)
                0x08006a88                __exidx_end = .
                0x08006a88                . = ALIGN (0x8)

.rel.dyn        0x08006a88        0x0
 .rel.iplt      0x08006a88        0x0 g:/stm32/ac6/plugins/fr.ac6.mcu.externaltools.arm-none.win32_1.17.0.201812190825/tools/compiler/bin/../lib/gcc/arm-none-eabi/7.3.1/thumb/v7e-m/fpv4-sp/hard/crtbegin.o

.preinit_array  0x08006a88        0x0
                0x08006a88                . = ALIGN (0x8)
                0x08006a88                PROVIDE (__preinit_array_start = .)
 *(.preinit_array*)
                0x08006a88                PROVIDE (__preinit_array_end = .)
                0x08006a88                . = ALIGN (0x8)

.init_array     0x08006a88        0x8
                0x08006a88                . = ALIGN (0x8)
                0x08006a88                PROVIDE (__init_array_start = .)
 *(SORT_BY_NAME(.init_array.*))
 *(.init_array*)
 .init_array    0x08006a88        0x4 g:/stm32/ac6/plugins/fr.ac6.mcu.externaltools.arm-none.win32_1.17.0.201812190825/tools/compiler/bin/../lib/gcc/arm-none-eabi/7.3.1/thumb/v7e-m/fpv4-sp/hard/crtbegin.o
                0x08006a8c                PROVIDE (__init_array_end = .)
                0x08006a90                . = ALIGN (0x8)
 *fill*         0x08006a8c        0x4 

.fini_array     0x08006a90        0x8
                0x08006a90                . = ALIGN (0x8)
                [!provide]                PROVIDE (__fini_array_start = .)
 *(SORT_BY_NAME(.fini_array.*))
 *(.fini_array*)
 .fini_array    0x08006a90        0x4 g:/stm32/ac6/plugins/fr.ac6.mcu.externaltools.arm-none.win32_1.17.0.201812190825/tools/compiler/bin/../lib/gcc/arm-none-eabi/7.3.1/thumb/v7e-m/fpv4-sp/hard/crtbegin.o
                [!provide]                PROVIDE (__fini_array_end = .)
                0x08006a98                . = ALIGN (0x8)
 *fill*         0x08006a94        0x4 
                0x08006a98                _sidata = LOADADDR (.data)

.data           0x20000000      0x1e0 load address 0x08006a98
                0x20000000                . = ALIGN (0x8)
                0x20000000                _sdata = .
 *(.data)
 .data          0x20000000        0x4 Core/Src/system_stm32l4xx.o
                0x20000000                SystemCoreClock
 .data          0x20000004        0x8 Drivers/STM32L4xx_HAL_Driver/Src/stm32l4xx_hal.o
                0x20000004                uwTickFreq
                0x20000008                uwTickPrio
 *(.data*)
 .data._impure_ptr
                0x2000000c        0x4 g:/stm32/ac6/plugins/fr.ac6.mcu.externaltools.arm-none.win32_1.17.0.201812190825/tools/compiler/bin/../lib/gcc/arm-none-eabi/7.3.1/../../../../arm-none-eabi/lib/thumb/v7e-m/fpv4-sp/hard\libc_nano.a(lib_a-impure.o)
                0x2000000c                _impure_ptr
 .data.impure_data
                0x20000010       0x60 g:/stm32/ac6/plugins/fr.ac6.mcu.externaltools.arm-none.win32_1.17.0.201812190825/tools/compiler/bin/../lib/gcc/arm-none-eabi/7.3.1/../../../../arm-none-eabi/lib/thumb/v7e-m/fpv4-sp/hard\libc_nano.a(lib_a-impure.o)
 .data.__global_locale
                0x20000070      0x16c g:/stm32/ac6/plugins/fr.ac6.mcu.externaltools.arm-none.win32_1.17.0.201812190825/tools/compiler/bin/../lib/gcc/arm-none-eabi/7.3.1/../../../../arm-none-eabi/lib/thumb/v7e-m/fpv4-sp/hard\libc_nano.a(lib_a-locale.o)
                0x20000070                __global_locale
                0x200001e0                . = ALIGN (0x8)
 *fill*         0x200001dc        0x4 
                0x200001e0                _edata = .

.igot.plt       0x200001e0        0x0 load address 0x08006c78
 .igot.plt      0x200001e0        0x0 g:/stm32/ac6/plugins/fr.ac6.mcu.externaltools.arm-none.win32_1.17.0.201812190825/tools/compiler/bin/../lib/gcc/arm-none-eabi/7.3.1/thumb/v7e-m/fpv4-sp/hard/crtbegin.o
                0x200001e0                . = ALIGN (0x4)

.bss            0x200001e0      0x5d0 load address 0x08006c78
                0x200001e0                _sbss = .
                0x200001e0                __bss_start__ = _sbss
 *(.bss)
 .bss           0x200001e0       0x1c g:/stm32/ac6/plugins/fr.ac6.mcu.externaltools.arm-none.win32_1.17.0.201812190825/tools/compiler/bin/../lib/gcc/arm-none-eabi/7.3.1/thumb/v7e-m/fpv4-sp/hard/crtbegin.o
 .bss           0x200001fc        0x8 Core/Src/syscalls.o
                0x20000200                __env
 *(.bss*)
 .bss.__malloc_free_list
                0x20000204        0x4 g:/stm32/ac6/plugins/fr.ac6.mcu.externaltools.arm-none.win32_1.17.0.201812190825/tools/compiler/bin/../lib/gcc/arm-none-eabi/7.3.1/../../../../arm-none-eabi/lib/thumb/v7e-m/fpv4-sp/hard\libc_nano.a(lib_a-nano-mallocr.o)
                0x20000204                __malloc_free_list
 .bss.__malloc_sbrk_start
                0x20000208        0x4 g:/stm32/ac6/plugins/fr.ac6.mcu.externaltools.arm-none.win32_1.17.0.201812190825/tools/compiler/bin/../lib/gcc/arm-none-eabi/7.3.1/../../../../arm-none-eabi/lib/thumb/v7e-m/fpv4-sp/hard\libc_nano.a(lib_a-nano-mallocr.o)
                0x20000208                __malloc_sbrk_start
 *(COMMON)
 COMMON         0x2000020c      0x419 Core/Src/l3gd20_add.o
                0x2000020c                raw_angular_data
                0x20000214                raw_data
                0x2000021c                dev_ctx
                0x20000228                whoamI
                0x2000022c                tx_buffer
                0x20000614                rst
                0x20000615                gyro_temperature
                0x20000618                angular_data
                0x20000624                status
 *fill*         0x20000625        0x3 
 COMMON         0x20000628        0xa Core/Src/main.o
                0x20000628                Received
 *fill*         0x20000632        0x2 
 COMMON         0x20000634       0x64 Core/Src/spi.o
                0x20000634                hspi2
 COMMON         0x20000698      0x110 Core/Src/usart.o
                0x20000698                hdma_usart2_rx
                0x200006e0                hdma_usart2_tx
                0x20000728                huart2
 COMMON         0x200007a8        0x4 Drivers/STM32L4xx_HAL_Driver/Src/stm32l4xx_hal.o
                0x200007a8                uwTick
 COMMON         0x200007ac        0x4 g:/stm32/ac6/plugins/fr.ac6.mcu.externaltools.arm-none.win32_1.17.0.201812190825/tools/compiler/bin/../lib/gcc/arm-none-eabi/7.3.1/../../../../arm-none-eabi/lib/thumb/v7e-m/fpv4-sp/hard\libc_nano.a(lib_a-reent.o)
                0x200007ac                errno
                0x200007b0                . = ALIGN (0x4)
                0x200007b0                _ebss = .
                0x200007b0                __bss_end__ = _ebss

._user_heap_stack
                0x200007b0      0x600 load address 0x08006c78
                0x200007b0                . = ALIGN (0x8)
                0x200007b0                PROVIDE (end = .)
                [!provide]                PROVIDE (_end = .)
                0x200009b0                . = (. + _Min_Heap_Size)
 *fill*         0x200007b0      0x200 
                0x20000db0                . = (. + _Min_Stack_Size)
 *fill*         0x200009b0      0x400 
                0x20000db0                . = ALIGN (0x8)

/DISCARD/
 libc.a(*)
 libm.a(*)
 libgcc.a(*)

.ARM.attributes
                0x00000000       0x30
 *(.ARM.attributes)
 .ARM.attributes
                0x00000000       0x22 g:/stm32/ac6/plugins/fr.ac6.mcu.externaltools.arm-none.win32_1.17.0.201812190825/tools/compiler/bin/../lib/gcc/arm-none-eabi/7.3.1/thumb/v7e-m/fpv4-sp/hard/crti.o
 .ARM.attributes
                0x00000022       0x34 g:/stm32/ac6/plugins/fr.ac6.mcu.externaltools.arm-none.win32_1.17.0.201812190825/tools/compiler/bin/../lib/gcc/arm-none-eabi/7.3.1/thumb/v7e-m/fpv4-sp/hard/crtbegin.o
 .ARM.attributes
                0x00000056       0x39 Core/Src/dma.o
 .ARM.attributes
                0x0000008f       0x39 Core/Src/gpio.o
 .ARM.attributes
                0x000000c8       0x39 Core/Src/l3gd20_add.o
 .ARM.attributes
                0x00000101       0x39 Core/Src/l3gd20h_reg.o
 .ARM.attributes
                0x0000013a       0x39 Core/Src/main.o
 .ARM.attributes
                0x00000173       0x39 Core/Src/spi.o
 .ARM.attributes
                0x000001ac       0x39 Core/Src/stm32l4xx_hal_msp.o
 .ARM.attributes
                0x000001e5       0x39 Core/Src/stm32l4xx_it.o
 .ARM.attributes
                0x0000021e       0x39 Core/Src/syscalls.o
 .ARM.attributes
                0x00000257       0x39 Core/Src/system_stm32l4xx.o
 .ARM.attributes
                0x00000290       0x39 Core/Src/usart.o
 .ARM.attributes
                0x000002c9       0x39 Drivers/STM32L4xx_HAL_Driver/Src/stm32l4xx_hal.o
 .ARM.attributes
                0x00000302       0x39 Drivers/STM32L4xx_HAL_Driver/Src/stm32l4xx_hal_cortex.o
 .ARM.attributes
                0x0000033b       0x39 Drivers/STM32L4xx_HAL_Driver/Src/stm32l4xx_hal_dma.o
 .ARM.attributes
                0x00000374       0x39 Drivers/STM32L4xx_HAL_Driver/Src/stm32l4xx_hal_gpio.o
 .ARM.attributes
                0x000003ad       0x39 Drivers/STM32L4xx_HAL_Driver/Src/stm32l4xx_hal_pwr_ex.o
 .ARM.attributes
                0x000003e6       0x39 Drivers/STM32L4xx_HAL_Driver/Src/stm32l4xx_hal_rcc.o
 .ARM.attributes
                0x0000041f       0x39 Drivers/STM32L4xx_HAL_Driver/Src/stm32l4xx_hal_rcc_ex.o
 .ARM.attributes
                0x00000458       0x39 Drivers/STM32L4xx_HAL_Driver/Src/stm32l4xx_hal_spi.o
 .ARM.attributes
                0x00000491       0x39 Drivers/STM32L4xx_HAL_Driver/Src/stm32l4xx_hal_uart.o
 .ARM.attributes
                0x000004ca       0x39 Drivers/STM32L4xx_HAL_Driver/Src/stm32l4xx_hal_uart_ex.o
 .ARM.attributes
                0x00000503       0x21 startup/startup_stm32l476xx.o
 .ARM.attributes
                0x00000524       0x22 g:/stm32/ac6/plugins/fr.ac6.mcu.externaltools.arm-none.win32_1.17.0.201812190825/tools/compiler/bin/../lib/gcc/arm-none-eabi/7.3.1/thumb/v7e-m/fpv4-sp/hard\libgcc.a(_arm_addsubdf3.o)
 .ARM.attributes
                0x00000546       0x22 g:/stm32/ac6/plugins/fr.ac6.mcu.externaltools.arm-none.win32_1.17.0.201812190825/tools/compiler/bin/../lib/gcc/arm-none-eabi/7.3.1/thumb/v7e-m/fpv4-sp/hard\libgcc.a(_aeabi_uldivmod.o)
 .ARM.attributes
                0x00000568       0x34 g:/stm32/ac6/plugins/fr.ac6.mcu.externaltools.arm-none.win32_1.17.0.201812190825/tools/compiler/bin/../lib/gcc/arm-none-eabi/7.3.1/thumb/v7e-m/fpv4-sp/hard\libgcc.a(_udivmoddi4.o)
 .ARM.attributes
                0x0000059c       0x22 g:/stm32/ac6/plugins/fr.ac6.mcu.externaltools.arm-none.win32_1.17.0.201812190825/tools/compiler/bin/../lib/gcc/arm-none-eabi/7.3.1/thumb/v7e-m/fpv4-sp/hard\libgcc.a(_dvmd_tls.o)
 .ARM.attributes
                0x000005be       0x34 g:/stm32/ac6/plugins/fr.ac6.mcu.externaltools.arm-none.win32_1.17.0.201812190825/tools/compiler/bin/../lib/gcc/arm-none-eabi/7.3.1/../../../../arm-none-eabi/lib/thumb/v7e-m/fpv4-sp/hard\libc_nano.a(lib_a-errno.o)
 .ARM.attributes
                0x000005f2       0x34 g:/stm32/ac6/plugins/fr.ac6.mcu.externaltools.arm-none.win32_1.17.0.201812190825/tools/compiler/bin/../lib/gcc/arm-none-eabi/7.3.1/../../../../arm-none-eabi/lib/thumb/v7e-m/fpv4-sp/hard\libc_nano.a(lib_a-impure.o)
 .ARM.attributes
                0x00000626       0x34 g:/stm32/ac6/plugins/fr.ac6.mcu.externaltools.arm-none.win32_1.17.0.201812190825/tools/compiler/bin/../lib/gcc/arm-none-eabi/7.3.1/../../../../arm-none-eabi/lib/thumb/v7e-m/fpv4-sp/hard\libc_nano.a(lib_a-init.o)
 .ARM.attributes
                0x0000065a       0x34 g:/stm32/ac6/plugins/fr.ac6.mcu.externaltools.arm-none.win32_1.17.0.201812190825/tools/compiler/bin/../lib/gcc/arm-none-eabi/7.3.1/../../../../arm-none-eabi/lib/thumb/v7e-m/fpv4-sp/hard\libc_nano.a(lib_a-memset.o)
 .ARM.attributes
                0x0000068e       0x34 g:/stm32/ac6/plugins/fr.ac6.mcu.externaltools.arm-none.win32_1.17.0.201812190825/tools/compiler/bin/../lib/gcc/arm-none-eabi/7.3.1/../../../../arm-none-eabi/lib/thumb/v7e-m/fpv4-sp/hard\libc_nano.a(lib_a-nano-vfprintf_float.o)
 .ARM.attributes
                0x000006c2       0x34 g:/stm32/ac6/plugins/fr.ac6.mcu.externaltools.arm-none.win32_1.17.0.201812190825/tools/compiler/bin/../lib/gcc/arm-none-eabi/7.3.1/../../../../arm-none-eabi/lib/thumb/v7e-m/fpv4-sp/hard\libc_nano.a(lib_a-nano-vfprintf_i.o)
 .ARM.attributes
                0x000006f6       0x34 g:/stm32/ac6/plugins/fr.ac6.mcu.externaltools.arm-none.win32_1.17.0.201812190825/tools/compiler/bin/../lib/gcc/arm-none-eabi/7.3.1/../../../../arm-none-eabi/lib/thumb/v7e-m/fpv4-sp/hard\libc_nano.a(lib_a-sprintf.o)
 .ARM.attributes
                0x0000072a       0x1b g:/stm32/ac6/plugins/fr.ac6.mcu.externaltools.arm-none.win32_1.17.0.201812190825/tools/compiler/bin/../lib/gcc/arm-none-eabi/7.3.1/../../../../arm-none-eabi/lib/thumb/v7e-m/fpv4-sp/hard\libc_nano.a(lib_a-strlen.o)
 .ARM.attributes
                0x00000745       0x34 g:/stm32/ac6/plugins/fr.ac6.mcu.externaltools.arm-none.win32_1.17.0.201812190825/tools/compiler/bin/../lib/gcc/arm-none-eabi/7.3.1/../../../../arm-none-eabi/lib/thumb/v7e-m/fpv4-sp/hard\libc_nano.a(lib_a-dtoa.o)
 .ARM.attributes
                0x00000779       0x34 g:/stm32/ac6/plugins/fr.ac6.mcu.externaltools.arm-none.win32_1.17.0.201812190825/tools/compiler/bin/../lib/gcc/arm-none-eabi/7.3.1/../../../../arm-none-eabi/lib/thumb/v7e-m/fpv4-sp/hard\libc_nano.a(lib_a-localeconv.o)
 .ARM.attributes
                0x000007ad       0x34 g:/stm32/ac6/plugins/fr.ac6.mcu.externaltools.arm-none.win32_1.17.0.201812190825/tools/compiler/bin/../lib/gcc/arm-none-eabi/7.3.1/../../../../arm-none-eabi/lib/thumb/v7e-m/fpv4-sp/hard\libc_nano.a(lib_a-malloc.o)
 .ARM.attributes
                0x000007e1       0x20 g:/stm32/ac6/plugins/fr.ac6.mcu.externaltools.arm-none.win32_1.17.0.201812190825/tools/compiler/bin/../lib/gcc/arm-none-eabi/7.3.1/../../../../arm-none-eabi/lib/thumb/v7e-m/fpv4-sp/hard\libc_nano.a(lib_a-memchr.o)
 .ARM.attributes
                0x00000801       0x34 g:/stm32/ac6/plugins/fr.ac6.mcu.externaltools.arm-none.win32_1.17.0.201812190825/tools/compiler/bin/../lib/gcc/arm-none-eabi/7.3.1/../../../../arm-none-eabi/lib/thumb/v7e-m/fpv4-sp/hard\libc_nano.a(lib_a-memcpy-stub.o)
 .ARM.attributes
                0x00000835       0x34 g:/stm32/ac6/plugins/fr.ac6.mcu.externaltools.arm-none.win32_1.17.0.201812190825/tools/compiler/bin/../lib/gcc/arm-none-eabi/7.3.1/../../../../arm-none-eabi/lib/thumb/v7e-m/fpv4-sp/hard\libc_nano.a(lib_a-mprec.o)
 .ARM.attributes
                0x00000869       0x34 g:/stm32/ac6/plugins/fr.ac6.mcu.externaltools.arm-none.win32_1.17.0.201812190825/tools/compiler/bin/../lib/gcc/arm-none-eabi/7.3.1/../../../../arm-none-eabi/lib/thumb/v7e-m/fpv4-sp/hard\libc_nano.a(lib_a-nano-callocr.o)
 .ARM.attributes
                0x0000089d       0x34 g:/stm32/ac6/plugins/fr.ac6.mcu.externaltools.arm-none.win32_1.17.0.201812190825/tools/compiler/bin/../lib/gcc/arm-none-eabi/7.3.1/../../../../arm-none-eabi/lib/thumb/v7e-m/fpv4-sp/hard\libc_nano.a(lib_a-nano-freer.o)
 .ARM.attributes
                0x000008d1       0x34 g:/stm32/ac6/plugins/fr.ac6.mcu.externaltools.arm-none.win32_1.17.0.201812190825/tools/compiler/bin/../lib/gcc/arm-none-eabi/7.3.1/../../../../arm-none-eabi/lib/thumb/v7e-m/fpv4-sp/hard\libc_nano.a(lib_a-nano-mallocr.o)
 .ARM.attributes
                0x00000905       0x34 g:/stm32/ac6/plugins/fr.ac6.mcu.externaltools.arm-none.win32_1.17.0.201812190825/tools/compiler/bin/../lib/gcc/arm-none-eabi/7.3.1/../../../../arm-none-eabi/lib/thumb/v7e-m/fpv4-sp/hard\libc_nano.a(lib_a-nano-svfprintf.o)
 .ARM.attributes
                0x00000939       0x34 g:/stm32/ac6/plugins/fr.ac6.mcu.externaltools.arm-none.win32_1.17.0.201812190825/tools/compiler/bin/../lib/gcc/arm-none-eabi/7.3.1/../../../../arm-none-eabi/lib/thumb/v7e-m/fpv4-sp/hard\libc_nano.a(lib_a-sbrkr.o)
 .ARM.attributes
                0x0000096d       0x34 g:/stm32/ac6/plugins/fr.ac6.mcu.externaltools.arm-none.win32_1.17.0.201812190825/tools/compiler/bin/../lib/gcc/arm-none-eabi/7.3.1/../../../../arm-none-eabi/lib/thumb/v7e-m/fpv4-sp/hard\libc_nano.a(lib_a-locale.o)
 .ARM.attributes
                0x000009a1       0x34 g:/stm32/ac6/plugins/fr.ac6.mcu.externaltools.arm-none.win32_1.17.0.201812190825/tools/compiler/bin/../lib/gcc/arm-none-eabi/7.3.1/../../../../arm-none-eabi/lib/thumb/v7e-m/fpv4-sp/hard\libc_nano.a(lib_a-mbtowc_r.o)
 .ARM.attributes
                0x000009d5       0x34 g:/stm32/ac6/plugins/fr.ac6.mcu.externaltools.arm-none.win32_1.17.0.201812190825/tools/compiler/bin/../lib/gcc/arm-none-eabi/7.3.1/../../../../arm-none-eabi/lib/thumb/v7e-m/fpv4-sp/hard\libc_nano.a(lib_a-memmove.o)
 .ARM.attributes
                0x00000a09       0x34 g:/stm32/ac6/plugins/fr.ac6.mcu.externaltools.arm-none.win32_1.17.0.201812190825/tools/compiler/bin/../lib/gcc/arm-none-eabi/7.3.1/../../../../arm-none-eabi/lib/thumb/v7e-m/fpv4-sp/hard\libc_nano.a(lib_a-mlock.o)
 .ARM.attributes
                0x00000a3d       0x34 g:/stm32/ac6/plugins/fr.ac6.mcu.externaltools.arm-none.win32_1.17.0.201812190825/tools/compiler/bin/../lib/gcc/arm-none-eabi/7.3.1/../../../../arm-none-eabi/lib/thumb/v7e-m/fpv4-sp/hard\libc_nano.a(lib_a-nano-reallocr.o)
 .ARM.attributes
                0x00000a71       0x34 g:/stm32/ac6/plugins/fr.ac6.mcu.externaltools.arm-none.win32_1.17.0.201812190825/tools/compiler/bin/../lib/gcc/arm-none-eabi/7.3.1/../../../../arm-none-eabi/lib/thumb/v7e-m/fpv4-sp/hard\libc_nano.a(lib_a-reent.o)
 .ARM.attributes
                0x00000aa5       0x34 g:/stm32/ac6/plugins/fr.ac6.mcu.externaltools.arm-none.win32_1.17.0.201812190825/tools/compiler/bin/../lib/gcc/arm-none-eabi/7.3.1/../../../../arm-none-eabi/lib/thumb/v7e-m/fpv4-sp/hard\libc_nano.a(lib_a-wctomb_r.o)
 .ARM.attributes
                0x00000ad9       0x34 g:/stm32/ac6/plugins/fr.ac6.mcu.externaltools.arm-none.win32_1.17.0.201812190825/tools/compiler/bin/../lib/gcc/arm-none-eabi/7.3.1/../../../../arm-none-eabi/lib/thumb/v7e-m/fpv4-sp/hard\libc_nano.a(lib_a-ctype_.o)
 .ARM.attributes
                0x00000b0d       0x34 g:/stm32/ac6/plugins/fr.ac6.mcu.externaltools.arm-none.win32_1.17.0.201812190825/tools/compiler/bin/../lib/gcc/arm-none-eabi/7.3.1/../../../../arm-none-eabi/lib/thumb/v7e-m/fpv4-sp/hard\libc_nano.a(lib_a-nano-msizer.o)
 .ARM.attributes
                0x00000b41       0x22 g:/stm32/ac6/plugins/fr.ac6.mcu.externaltools.arm-none.win32_1.17.0.201812190825/tools/compiler/bin/../lib/gcc/arm-none-eabi/7.3.1/thumb/v7e-m/fpv4-sp/hard\libgcc.a(_arm_muldivdf3.o)
 .ARM.attributes
                0x00000b63       0x22 g:/stm32/ac6/plugins/fr.ac6.mcu.externaltools.arm-none.win32_1.17.0.201812190825/tools/compiler/bin/../lib/gcc/arm-none-eabi/7.3.1/thumb/v7e-m/fpv4-sp/hard\libgcc.a(_arm_cmpdf2.o)
 .ARM.attributes
                0x00000b85       0x22 g:/stm32/ac6/plugins/fr.ac6.mcu.externaltools.arm-none.win32_1.17.0.201812190825/tools/compiler/bin/../lib/gcc/arm-none-eabi/7.3.1/thumb/v7e-m/fpv4-sp/hard\libgcc.a(_arm_unorddf2.o)
 .ARM.attributes
                0x00000ba7       0x22 g:/stm32/ac6/plugins/fr.ac6.mcu.externaltools.arm-none.win32_1.17.0.201812190825/tools/compiler/bin/../lib/gcc/arm-none-eabi/7.3.1/thumb/v7e-m/fpv4-sp/hard\libgcc.a(_arm_fixdfsi.o)
 .ARM.attributes
                0x00000bc9       0x22 g:/stm32/ac6/plugins/fr.ac6.mcu.externaltools.arm-none.win32_1.17.0.201812190825/tools/compiler/bin/../lib/gcc/arm-none-eabi/7.3.1/thumb/v7e-m/fpv4-sp/hard/crtn.o
OUTPUT(Accelerometer_SPI.elf elf32-littlearm)

.debug_info     0x00000000    0x177b0
 .debug_info    0x00000000      0x783 Core/Src/dma.o
 .debug_info    0x00000783      0x7b3 Core/Src/gpio.o
 .debug_info    0x00000f36     0x1d34 Core/Src/l3gd20_add.o
 .debug_info    0x00002c6a     0x42ff Core/Src/l3gd20h_reg.o
 .debug_info    0x00006f69     0x1ad2 Core/Src/main.o
 .debug_info    0x00008a3b      0xe35 Core/Src/spi.o
 .debug_info    0x00009870      0x4f9 Core/Src/stm32l4xx_hal_msp.o
 .debug_info    0x00009d69      0xba0 Core/Src/stm32l4xx_it.o
 .debug_info    0x0000a909      0xfd3 Core/Src/syscalls.o
 .debug_info    0x0000b8dc      0x72d Core/Src/system_stm32l4xx.o
 .debug_info    0x0000c009      0xf5b Core/Src/usart.o
 .debug_info    0x0000cf64      0xce3 Drivers/STM32L4xx_HAL_Driver/Src/stm32l4xx_hal.o
 .debug_info    0x0000dc47     0x10d1 Drivers/STM32L4xx_HAL_Driver/Src/stm32l4xx_hal_cortex.o
 .debug_info    0x0000ed18      0x987 Drivers/STM32L4xx_HAL_Driver/Src/stm32l4xx_hal_dma.o
 .debug_info    0x0000f69f      0x9ca Drivers/STM32L4xx_HAL_Driver/Src/stm32l4xx_hal_gpio.o
 .debug_info    0x00010069      0xbad Drivers/STM32L4xx_HAL_Driver/Src/stm32l4xx_hal_pwr_ex.o
 .debug_info    0x00010c16      0xf6d Drivers/STM32L4xx_HAL_Driver/Src/stm32l4xx_hal_rcc.o
 .debug_info    0x00011b83     0x12d4 Drivers/STM32L4xx_HAL_Driver/Src/stm32l4xx_hal_rcc_ex.o
 .debug_info    0x00012e57     0x1feb Drivers/STM32L4xx_HAL_Driver/Src/stm32l4xx_hal_spi.o
 .debug_info    0x00014e42     0x1e24 Drivers/STM32L4xx_HAL_Driver/Src/stm32l4xx_hal_uart.o
 .debug_info    0x00016c66      0xb28 Drivers/STM32L4xx_HAL_Driver/Src/stm32l4xx_hal_uart_ex.o
 .debug_info    0x0001778e       0x22 startup/startup_stm32l476xx.o

.debug_abbrev   0x00000000     0x2d05
 .debug_abbrev  0x00000000      0x15c Core/Src/dma.o
 .debug_abbrev  0x0000015c      0x162 Core/Src/gpio.o
 .debug_abbrev  0x000002be      0x32e Core/Src/l3gd20_add.o
 .debug_abbrev  0x000005ec      0x332 Core/Src/l3gd20h_reg.o
 .debug_abbrev  0x0000091e      0x323 Core/Src/main.o
 .debug_abbrev  0x00000c41      0x1d2 Core/Src/spi.o
 .debug_abbrev  0x00000e13      0x125 Core/Src/stm32l4xx_hal_msp.o
 .debug_abbrev  0x00000f38      0x176 Core/Src/stm32l4xx_it.o
 .debug_abbrev  0x000010ae      0x2d4 Core/Src/syscalls.o
 .debug_abbrev  0x00001382      0x150 Core/Src/system_stm32l4xx.o
 .debug_abbrev  0x000014d2      0x1e3 Core/Src/usart.o
 .debug_abbrev  0x000016b5      0x209 Drivers/STM32L4xx_HAL_Driver/Src/stm32l4xx_hal.o
 .debug_abbrev  0x000018be      0x328 Drivers/STM32L4xx_HAL_Driver/Src/stm32l4xx_hal_cortex.o
 .debug_abbrev  0x00001be6      0x233 Drivers/STM32L4xx_HAL_Driver/Src/stm32l4xx_hal_dma.o
 .debug_abbrev  0x00001e19      0x1de Drivers/STM32L4xx_HAL_Driver/Src/stm32l4xx_hal_gpio.o
 .debug_abbrev  0x00001ff7      0x1f5 Drivers/STM32L4xx_HAL_Driver/Src/stm32l4xx_hal_pwr_ex.o
 .debug_abbrev  0x000021ec      0x21f Drivers/STM32L4xx_HAL_Driver/Src/stm32l4xx_hal_rcc.o
 .debug_abbrev  0x0000240b      0x24c Drivers/STM32L4xx_HAL_Driver/Src/stm32l4xx_hal_rcc_ex.o
 .debug_abbrev  0x00002657      0x238 Drivers/STM32L4xx_HAL_Driver/Src/stm32l4xx_hal_spi.o
 .debug_abbrev  0x0000288f      0x24d Drivers/STM32L4xx_HAL_Driver/Src/stm32l4xx_hal_uart.o
 .debug_abbrev  0x00002adc      0x217 Drivers/STM32L4xx_HAL_Driver/Src/stm32l4xx_hal_uart_ex.o
 .debug_abbrev  0x00002cf3       0x12 startup/startup_stm32l476xx.o

.debug_aranges  0x00000000      0xed0
 .debug_aranges
                0x00000000       0x20 Core/Src/dma.o
 .debug_aranges
                0x00000020       0x20 Core/Src/gpio.o
 .debug_aranges
                0x00000040       0x48 Core/Src/l3gd20_add.o
 .debug_aranges
                0x00000088      0x288 Core/Src/l3gd20h_reg.o
 .debug_aranges
                0x00000310       0x30 Core/Src/main.o
 .debug_aranges
                0x00000340       0x30 Core/Src/spi.o
 .debug_aranges
                0x00000370       0x20 Core/Src/stm32l4xx_hal_msp.o
 .debug_aranges
                0x00000390       0x80 Core/Src/stm32l4xx_it.o
 .debug_aranges
                0x00000410       0xb0 Core/Src/syscalls.o
 .debug_aranges
                0x000004c0       0x28 Core/Src/system_stm32l4xx.o
 .debug_aranges
                0x000004e8       0x30 Core/Src/usart.o
 .debug_aranges
                0x00000518      0x130 Drivers/STM32L4xx_HAL_Driver/Src/stm32l4xx_hal.o
 .debug_aranges
                0x00000648       0xa8 Drivers/STM32L4xx_HAL_Driver/Src/stm32l4xx_hal_cortex.o
 .debug_aranges
                0x000006f0       0x80 Drivers/STM32L4xx_HAL_Driver/Src/stm32l4xx_hal_dma.o
 .debug_aranges
                0x00000770       0x58 Drivers/STM32L4xx_HAL_Driver/Src/stm32l4xx_hal_gpio.o
 .debug_aranges
                0x000007c8      0x150 Drivers/STM32L4xx_HAL_Driver/Src/stm32l4xx_hal_pwr_ex.o
 .debug_aranges
                0x00000918       0x88 Drivers/STM32L4xx_HAL_Driver/Src/stm32l4xx_hal_rcc.o
 .debug_aranges
                0x000009a0       0xc0 Drivers/STM32L4xx_HAL_Driver/Src/stm32l4xx_hal_rcc_ex.o
 .debug_aranges
                0x00000a60      0x1d8 Drivers/STM32L4xx_HAL_Driver/Src/stm32l4xx_hal_spi.o
 .debug_aranges
                0x00000c38      0x210 Drivers/STM32L4xx_HAL_Driver/Src/stm32l4xx_hal_uart.o
 .debug_aranges
                0x00000e48       0x60 Drivers/STM32L4xx_HAL_Driver/Src/stm32l4xx_hal_uart_ex.o
 .debug_aranges
                0x00000ea8       0x28 startup/startup_stm32l476xx.o

.debug_ranges   0x00000000      0xe10
 .debug_ranges  0x00000000       0x10 Core/Src/dma.o
 .debug_ranges  0x00000010       0x10 Core/Src/gpio.o
 .debug_ranges  0x00000020       0x38 Core/Src/l3gd20_add.o
 .debug_ranges  0x00000058      0x278 Core/Src/l3gd20h_reg.o
 .debug_ranges  0x000002d0       0x20 Core/Src/main.o
 .debug_ranges  0x000002f0       0x20 Core/Src/spi.o
 .debug_ranges  0x00000310       0x10 Core/Src/stm32l4xx_hal_msp.o
 .debug_ranges  0x00000320       0x70 Core/Src/stm32l4xx_it.o
 .debug_ranges  0x00000390       0xa0 Core/Src/syscalls.o
 .debug_ranges  0x00000430       0x18 Core/Src/system_stm32l4xx.o
 .debug_ranges  0x00000448       0x20 Core/Src/usart.o
 .debug_ranges  0x00000468      0x120 Drivers/STM32L4xx_HAL_Driver/Src/stm32l4xx_hal.o
 .debug_ranges  0x00000588       0xf8 Drivers/STM32L4xx_HAL_Driver/Src/stm32l4xx_hal_cortex.o
 .debug_ranges  0x00000680       0x70 Drivers/STM32L4xx_HAL_Driver/Src/stm32l4xx_hal_dma.o
 .debug_ranges  0x000006f0       0x48 Drivers/STM32L4xx_HAL_Driver/Src/stm32l4xx_hal_gpio.o
 .debug_ranges  0x00000738      0x140 Drivers/STM32L4xx_HAL_Driver/Src/stm32l4xx_hal_pwr_ex.o
 .debug_ranges  0x00000878       0x90 Drivers/STM32L4xx_HAL_Driver/Src/stm32l4xx_hal_rcc.o
 .debug_ranges  0x00000908       0xd0 Drivers/STM32L4xx_HAL_Driver/Src/stm32l4xx_hal_rcc_ex.o
 .debug_ranges  0x000009d8      0x1c8 Drivers/STM32L4xx_HAL_Driver/Src/stm32l4xx_hal_spi.o
 .debug_ranges  0x00000ba0      0x200 Drivers/STM32L4xx_HAL_Driver/Src/stm32l4xx_hal_uart.o
 .debug_ranges  0x00000da0       0x50 Drivers/STM32L4xx_HAL_Driver/Src/stm32l4xx_hal_uart_ex.o
 .debug_ranges  0x00000df0       0x20 startup/startup_stm32l476xx.o

.debug_macro    0x00000000    0x28450
 .debug_macro   0x00000000      0x1f3 Core/Src/dma.o
 .debug_macro   0x000001f3      0xa54 Core/Src/dma.o
 .debug_macro   0x00000c47      0x1ad Core/Src/dma.o
 .debug_macro   0x00000df4       0x2e Core/Src/dma.o
 .debug_macro   0x00000e22       0x28 Core/Src/dma.o
 .debug_macro   0x00000e4a       0x22 Core/Src/dma.o
 .debug_macro   0x00000e6c       0x8e Core/Src/dma.o
 .debug_macro   0x00000efa       0x51 Core/Src/dma.o
 .debug_macro   0x00000f4b       0xef Core/Src/dma.o
 .debug_macro   0x0000103a       0x6a Core/Src/dma.o
 .debug_macro   0x000010a4      0x1df Core/Src/dma.o
 .debug_macro   0x00001283       0x1c Core/Src/dma.o
 .debug_macro   0x0000129f       0x22 Core/Src/dma.o
 .debug_macro   0x000012c1      0x101 Core/Src/dma.o
 .debug_macro   0x000013c2     0x1011 Core/Src/dma.o
 .debug_macro   0x000023d3      0x11f Core/Src/dma.o
 .debug_macro   0x000024f2    0x1a13d Core/Src/dma.o
 .debug_macro   0x0001c62f       0x43 Core/Src/dma.o
 .debug_macro   0x0001c672     0x3890 Core/Src/dma.o
 .debug_macro   0x0001ff02      0x174 Core/Src/dma.o
 .debug_macro   0x00020076       0x5c Core/Src/dma.o
 .debug_macro   0x000200d2     0x155f Core/Src/dma.o
 .debug_macro   0x00021631      0x59e Core/Src/dma.o
 .debug_macro   0x00021bcf      0x13d Core/Src/dma.o
 .debug_macro   0x00021d0c      0x18b Core/Src/dma.o
 .debug_macro   0x00021e97      0x26b Core/Src/dma.o
 .debug_macro   0x00022102      0x23d Core/Src/dma.o
 .debug_macro   0x0002233f      0x241 Core/Src/dma.o
 .debug_macro   0x00022580      0x37c Core/Src/dma.o
 .debug_macro   0x000228fc       0xd6 Core/Src/dma.o
 .debug_macro   0x000229d2      0x22c Core/Src/dma.o
 .debug_macro   0x00022bfe       0x61 Core/Src/dma.o
 .debug_macro   0x00022c5f       0xa5 Core/Src/dma.o
 .debug_macro   0x00022d04      0x122 Core/Src/dma.o
 .debug_macro   0x00022e26      0x3e9 Core/Src/dma.o
 .debug_macro   0x0002320f      0x2fe Core/Src/dma.o
 .debug_macro   0x0002350d      0x59e Core/Src/dma.o
 .debug_macro   0x00023aab       0x44 Core/Src/dma.o
 .debug_macro   0x00023aef      0x331 Core/Src/dma.o
 .debug_macro   0x00023e20       0x40 Core/Src/dma.o
 .debug_macro   0x00023e60      0x1f3 Core/Src/gpio.o
 .debug_macro   0x00024053      0x3c5 Core/Src/l3gd20_add.o
 .debug_macro   0x00024418       0x58 Core/Src/l3gd20_add.o
 .debug_macro   0x00024470       0x18 Core/Src/l3gd20_add.o
 .debug_macro   0x00024488       0x94 Core/Src/l3gd20_add.o
 .debug_macro   0x0002451c       0x35 Core/Src/l3gd20_add.o
 .debug_macro   0x00024551       0x34 Core/Src/l3gd20_add.o
 .debug_macro   0x00024585       0x16 Core/Src/l3gd20_add.o
 .debug_macro   0x0002459b       0x57 Core/Src/l3gd20_add.o
 .debug_macro   0x000245f2       0x97 Core/Src/l3gd20_add.o
 .debug_macro   0x00024689      0x330 Core/Src/l3gd20_add.o
 .debug_macro   0x000249b9       0xfd Core/Src/l3gd20_add.o
 .debug_macro   0x00024ab6       0x10 Core/Src/l3gd20_add.o
 .debug_macro   0x00024ac6       0x58 Core/Src/l3gd20_add.o
 .debug_macro   0x00024b1e       0x1f Core/Src/l3gd20_add.o
 .debug_macro   0x00024b3d       0x43 Core/Src/l3gd20_add.o
 .debug_macro   0x00024b80       0x20 Core/Src/l3gd20_add.o
 .debug_macro   0x00024ba0      0x18e Core/Src/l3gd20_add.o
 .debug_macro   0x00024d2e       0x10 Core/Src/l3gd20_add.o
 .debug_macro   0x00024d3e       0x1c Core/Src/l3gd20_add.o
 .debug_macro   0x00024d5a       0x52 Core/Src/l3gd20_add.o
 .debug_macro   0x00024dac       0x40 Core/Src/l3gd20_add.o
 .debug_macro   0x00024dec       0x10 Core/Src/l3gd20_add.o
 .debug_macro   0x00024dfc       0x40 Core/Src/l3gd20_add.o
 .debug_macro   0x00024e3c       0xd7 Core/Src/l3gd20_add.o
 .debug_macro   0x00024f13       0x1c Core/Src/l3gd20_add.o
 .debug_macro   0x00024f2f       0x3d Core/Src/l3gd20_add.o
 .debug_macro   0x00024f6c       0x16 Core/Src/l3gd20_add.o
 .debug_macro   0x00024f82      0x16f Core/Src/l3gd20_add.o
 .debug_macro   0x000250f1       0x16 Core/Src/l3gd20_add.o
 .debug_macro   0x00025107       0x35 Core/Src/l3gd20_add.o
 .debug_macro   0x0002513c       0xfb Core/Src/l3gd20_add.o
 .debug_macro   0x00025237       0x56 Core/Src/l3gd20_add.o
 .debug_macro   0x0002528d      0x1e1 Core/Src/l3gd20_add.o
 .debug_macro   0x0002546e      0x101 Core/Src/l3gd20_add.o
 .debug_macro   0x0002556f       0x1c Core/Src/l3gd20_add.o
 .debug_macro   0x0002558b      0x119 Core/Src/l3gd20h_reg.o
 .debug_macro   0x000256a4       0x5e Core/Src/l3gd20h_reg.o
 .debug_macro   0x00025702      0x3df Core/Src/main.o
 .debug_macro   0x00025ae1      0x32a Core/Src/main.o
 .debug_macro   0x00025e0b       0x1c Core/Src/main.o
 .debug_macro   0x00025e27      0x1f3 Core/Src/spi.o
 .debug_macro   0x0002601a      0x1e9 Core/Src/stm32l4xx_hal_msp.o
 .debug_macro   0x00026203      0x1f3 Core/Src/stm32l4xx_it.o
 .debug_macro   0x000263f6      0x243 Core/Src/syscalls.o
 .debug_macro   0x00026639       0x10 Core/Src/syscalls.o
 .debug_macro   0x00026649       0x10 Core/Src/syscalls.o
 .debug_macro   0x00026659       0x10 Core/Src/syscalls.o
 .debug_macro   0x00026669       0x35 Core/Src/syscalls.o
 .debug_macro   0x0002669e      0x122 Core/Src/syscalls.o
 .debug_macro   0x000267c0       0x16 Core/Src/syscalls.o
 .debug_macro   0x000267d6       0x16 Core/Src/syscalls.o
 .debug_macro   0x000267ec       0x29 Core/Src/syscalls.o
 .debug_macro   0x00026815       0x10 Core/Src/syscalls.o
 .debug_macro   0x00026825      0x241 Core/Src/syscalls.o
 .debug_macro   0x00026a66       0x10 Core/Src/syscalls.o
 .debug_macro   0x00026a76      0x189 Core/Src/syscalls.o
 .debug_macro   0x00026bff       0x16 Core/Src/syscalls.o
 .debug_macro   0x00026c15       0x88 Core/Src/syscalls.o
 .debug_macro   0x00026c9d      0x1e0 Core/Src/system_stm32l4xx.o
 .debug_macro   0x00026e7d      0x1f3 Core/Src/usart.o
 .debug_macro   0x00027070      0x228 Drivers/STM32L4xx_HAL_Driver/Src/stm32l4xx_hal.o
 .debug_macro   0x00027298      0x1da Drivers/STM32L4xx_HAL_Driver/Src/stm32l4xx_hal_cortex.o
 .debug_macro   0x00027472      0x1da Drivers/STM32L4xx_HAL_Driver/Src/stm32l4xx_hal_dma.o
 .debug_macro   0x0002764c      0x219 Drivers/STM32L4xx_HAL_Driver/Src/stm32l4xx_hal_gpio.o
 .debug_macro   0x00027865      0x1fe Drivers/STM32L4xx_HAL_Driver/Src/stm32l4xx_hal_pwr_ex.o
 .debug_macro   0x00027a63      0x21c Drivers/STM32L4xx_HAL_Driver/Src/stm32l4xx_hal_rcc.o
 .debug_macro   0x00027c7f      0x210 Drivers/STM32L4xx_HAL_Driver/Src/stm32l4xx_hal_rcc_ex.o
 .debug_macro   0x00027e8f      0x1e2 Drivers/STM32L4xx_HAL_Driver/Src/stm32l4xx_hal_spi.o
 .debug_macro   0x00028071      0x205 Drivers/STM32L4xx_HAL_Driver/Src/stm32l4xx_hal_uart.o
 .debug_macro   0x00028276      0x1da Drivers/STM32L4xx_HAL_Driver/Src/stm32l4xx_hal_uart_ex.o

.debug_line     0x00000000     0xcf3a
 .debug_line    0x00000000      0x724 Core/Src/dma.o
 .debug_line    0x00000724      0x744 Core/Src/gpio.o
 .debug_line    0x00000e68      0x972 Core/Src/l3gd20_add.o
 .debug_line    0x000017da      0xb46 Core/Src/l3gd20h_reg.o
 .debug_line    0x00002320      0x916 Core/Src/main.o
 .debug_line    0x00002c36      0x76b Core/Src/spi.o
 .debug_line    0x000033a1      0x727 Core/Src/stm32l4xx_hal_msp.o
 .debug_line    0x00003ac8      0x7fe Core/Src/stm32l4xx_it.o
 .debug_line    0x000042c6      0x5ae Core/Src/syscalls.o
 .debug_line    0x00004874      0x75f Core/Src/system_stm32l4xx.o
 .debug_line    0x00004fd3      0x784 Core/Src/usart.o
 .debug_line    0x00005757      0x9c8 Drivers/STM32L4xx_HAL_Driver/Src/stm32l4xx_hal.o
 .debug_line    0x0000611f      0x977 Drivers/STM32L4xx_HAL_Driver/Src/stm32l4xx_hal_cortex.o
 .debug_line    0x00006a96      0x99d Drivers/STM32L4xx_HAL_Driver/Src/stm32l4xx_hal_dma.o
 .debug_line    0x00007433      0x8a0 Drivers/STM32L4xx_HAL_Driver/Src/stm32l4xx_hal_gpio.o
 .debug_line    0x00007cd3      0xb9b Drivers/STM32L4xx_HAL_Driver/Src/stm32l4xx_hal_pwr_ex.o
 .debug_line    0x0000886e      0xad1 Drivers/STM32L4xx_HAL_Driver/Src/stm32l4xx_hal_rcc.o
 .debug_line    0x0000933f      0xd42 Drivers/STM32L4xx_HAL_Driver/Src/stm32l4xx_hal_rcc_ex.o
 .debug_line    0x0000a081     0x128f Drivers/STM32L4xx_HAL_Driver/Src/stm32l4xx_hal_spi.o
 .debug_line    0x0000b310     0x131b Drivers/STM32L4xx_HAL_Driver/Src/stm32l4xx_hal_uart.o
 .debug_line    0x0000c62b      0x88f Drivers/STM32L4xx_HAL_Driver/Src/stm32l4xx_hal_uart_ex.o
 .debug_line    0x0000ceba       0x80 startup/startup_stm32l476xx.o

.debug_str      0x00000000    0xee69c
 .debug_str     0x00000000    0xe40b9 Core/Src/dma.o
                              0xe441d (size before relaxing)
 .debug_str     0x000e40b9       0xe0 Core/Src/gpio.o
                              0xe3fd9 (size before relaxing)
 .debug_str     0x000e4199     0x51a0 Core/Src/l3gd20_add.o
                              0xe916a (size before relaxing)
 .debug_str     0x000e9339     0x1146 Core/Src/l3gd20h_reg.o
                               0x8a54 (size before relaxing)
 .debug_str     0x000ea47f      0x4d3 Core/Src/main.o
                              0xe93da (size before relaxing)
 .debug_str     0x000ea952       0x6f Core/Src/spi.o
                              0xe48d5 (size before relaxing)
 .debug_str     0x000ea9c1       0x2c Core/Src/stm32l4xx_hal_msp.o
                              0xe3f17 (size before relaxing)
 .debug_str     0x000ea9ed      0x175 Core/Src/stm32l4xx_it.o
                              0xe4468 (size before relaxing)
 .debug_str     0x000eab62     0x121c Core/Src/syscalls.o
                               0x85b0 (size before relaxing)
 .debug_str     0x000ebd7e       0xcd Core/Src/system_stm32l4xx.o
                              0xe3ec4 (size before relaxing)
 .debug_str     0x000ebe4b       0x6d Core/Src/usart.o
                              0xe4912 (size before relaxing)
 .debug_str     0x000ebeb8      0x5c2 Drivers/STM32L4xx_HAL_Driver/Src/stm32l4xx_hal.o
                              0xe49ed (size before relaxing)
 .debug_str     0x000ec47a      0x31d Drivers/STM32L4xx_HAL_Driver/Src/stm32l4xx_hal_cortex.o
                              0xe4718 (size before relaxing)
 .debug_str     0x000ec797      0x229 Drivers/STM32L4xx_HAL_Driver/Src/stm32l4xx_hal_dma.o
                              0xe4128 (size before relaxing)
 .debug_str     0x000ec9c0      0x206 Drivers/STM32L4xx_HAL_Driver/Src/stm32l4xx_hal_gpio.o
                              0xe4143 (size before relaxing)
 .debug_str     0x000ecbc6      0x4a8 Drivers/STM32L4xx_HAL_Driver/Src/stm32l4xx_hal_pwr_ex.o
                              0xe43f3 (size before relaxing)
 .debug_str     0x000ed06e      0x38f Drivers/STM32L4xx_HAL_Driver/Src/stm32l4xx_hal_rcc.o
                              0xe44c7 (size before relaxing)
 .debug_str     0x000ed3fd      0x3bf Drivers/STM32L4xx_HAL_Driver/Src/stm32l4xx_hal_rcc_ex.o
                              0xe46a6 (size before relaxing)
 .debug_str     0x000ed7bc      0x550 Drivers/STM32L4xx_HAL_Driver/Src/stm32l4xx_hal_spi.o
                              0xe46ac (size before relaxing)
 .debug_str     0x000edd0c      0x7dc Drivers/STM32L4xx_HAL_Driver/Src/stm32l4xx_hal_uart.o
                              0xe4b24 (size before relaxing)
 .debug_str     0x000ee4e8      0x185 Drivers/STM32L4xx_HAL_Driver/Src/stm32l4xx_hal_uart_ex.o
                              0xe42dc (size before relaxing)
 .debug_str     0x000ee66d       0x2f startup/startup_stm32l476xx.o
                                 0x70 (size before relaxing)

.comment        0x00000000       0x7f
 .comment       0x00000000       0x7f Core/Src/dma.o
                                 0x80 (size before relaxing)
 .comment       0x0000007f       0x80 Core/Src/gpio.o
 .comment       0x0000007f       0x80 Core/Src/l3gd20_add.o
 .comment       0x0000007f       0x80 Core/Src/l3gd20h_reg.o
 .comment       0x0000007f       0x80 Core/Src/main.o
 .comment       0x0000007f       0x80 Core/Src/spi.o
 .comment       0x0000007f       0x80 Core/Src/stm32l4xx_hal_msp.o
 .comment       0x0000007f       0x80 Core/Src/stm32l4xx_it.o
 .comment       0x0000007f       0x80 Core/Src/syscalls.o
 .comment       0x0000007f       0x80 Core/Src/system_stm32l4xx.o
 .comment       0x0000007f       0x80 Core/Src/usart.o
 .comment       0x0000007f       0x80 Drivers/STM32L4xx_HAL_Driver/Src/stm32l4xx_hal.o
 .comment       0x0000007f       0x80 Drivers/STM32L4xx_HAL_Driver/Src/stm32l4xx_hal_cortex.o
 .comment       0x0000007f       0x80 Drivers/STM32L4xx_HAL_Driver/Src/stm32l4xx_hal_dma.o
 .comment       0x0000007f       0x80 Drivers/STM32L4xx_HAL_Driver/Src/stm32l4xx_hal_gpio.o
 .comment       0x0000007f       0x80 Drivers/STM32L4xx_HAL_Driver/Src/stm32l4xx_hal_pwr_ex.o
 .comment       0x0000007f       0x80 Drivers/STM32L4xx_HAL_Driver/Src/stm32l4xx_hal_rcc.o
 .comment       0x0000007f       0x80 Drivers/STM32L4xx_HAL_Driver/Src/stm32l4xx_hal_rcc_ex.o
 .comment       0x0000007f       0x80 Drivers/STM32L4xx_HAL_Driver/Src/stm32l4xx_hal_spi.o
 .comment       0x0000007f       0x80 Drivers/STM32L4xx_HAL_Driver/Src/stm32l4xx_hal_uart.o
 .comment       0x0000007f       0x80 Drivers/STM32L4xx_HAL_Driver/Src/stm32l4xx_hal_uart_ex.o

.debug_frame    0x00000000     0x32a0
 .debug_frame   0x00000000       0x2c Core/Src/dma.o
 .debug_frame   0x0000002c       0x3c Core/Src/gpio.o
 .debug_frame   0x00000068       0xe0 Core/Src/l3gd20_add.o
 .debug_frame   0x00000148      0x9f0 Core/Src/l3gd20h_reg.o
 .debug_frame   0x00000b38       0x5c Core/Src/main.o
 .debug_frame   0x00000b94       0x60 Core/Src/spi.o
 .debug_frame   0x00000bf4       0x28 Core/Src/stm32l4xx_hal_msp.o
 .debug_frame   0x00000c1c      0x108 Core/Src/stm32l4xx_it.o
 .debug_frame   0x00000d24      0x1a8 Core/Src/syscalls.o
 .debug_frame   0x00000ecc       0x30 Core/Src/system_stm32l4xx.o
 .debug_frame   0x00000efc       0x64 Core/Src/usart.o
 .debug_frame   0x00000f60      0x274 Drivers/STM32L4xx_HAL_Driver/Src/stm32l4xx_hal.o
 .debug_frame   0x000011d4      0x15c Drivers/STM32L4xx_HAL_Driver/Src/stm32l4xx_hal_cortex.o
 .debug_frame   0x00001330      0x16c Drivers/STM32L4xx_HAL_Driver/Src/stm32l4xx_hal_dma.o
 .debug_frame   0x0000149c       0xd0 Drivers/STM32L4xx_HAL_Driver/Src/stm32l4xx_hal_gpio.o
 .debug_frame   0x0000156c      0x298 Drivers/STM32L4xx_HAL_Driver/Src/stm32l4xx_hal_pwr_ex.o
 .debug_frame   0x00001804      0x18c Drivers/STM32L4xx_HAL_Driver/Src/stm32l4xx_hal_rcc.o
 .debug_frame   0x00001990      0x204 Drivers/STM32L4xx_HAL_Driver/Src/stm32l4xx_hal_rcc_ex.o
 .debug_frame   0x00001b94      0x5c8 Drivers/STM32L4xx_HAL_Driver/Src/stm32l4xx_hal_spi.o
 .debug_frame   0x0000215c      0x5ac Drivers/STM32L4xx_HAL_Driver/Src/stm32l4xx_hal_uart.o
 .debug_frame   0x00002708       0xdc Drivers/STM32L4xx_HAL_Driver/Src/stm32l4xx_hal_uart_ex.o
 .debug_frame   0x000027e4       0xac g:/stm32/ac6/plugins/fr.ac6.mcu.externaltools.arm-none.win32_1.17.0.201812190825/tools/compiler/bin/../lib/gcc/arm-none-eabi/7.3.1/thumb/v7e-m/fpv4-sp/hard\libgcc.a(_arm_addsubdf3.o)
 .debug_frame   0x00002890       0x2c g:/stm32/ac6/plugins/fr.ac6.mcu.externaltools.arm-none.win32_1.17.0.201812190825/tools/compiler/bin/../lib/gcc/arm-none-eabi/7.3.1/thumb/v7e-m/fpv4-sp/hard\libgcc.a(_aeabi_uldivmod.o)
 .debug_frame   0x000028bc       0x34 g:/stm32/ac6/plugins/fr.ac6.mcu.externaltools.arm-none.win32_1.17.0.201812190825/tools/compiler/bin/../lib/gcc/arm-none-eabi/7.3.1/thumb/v7e-m/fpv4-sp/hard\libgcc.a(_udivmoddi4.o)
 .debug_frame   0x000028f0       0x20 g:/stm32/ac6/plugins/fr.ac6.mcu.externaltools.arm-none.win32_1.17.0.201812190825/tools/compiler/bin/../lib/gcc/arm-none-eabi/7.3.1/../../../../arm-none-eabi/lib/thumb/v7e-m/fpv4-sp/hard\libc_nano.a(lib_a-errno.o)
 .debug_frame   0x00002910       0x2c g:/stm32/ac6/plugins/fr.ac6.mcu.externaltools.arm-none.win32_1.17.0.201812190825/tools/compiler/bin/../lib/gcc/arm-none-eabi/7.3.1/../../../../arm-none-eabi/lib/thumb/v7e-m/fpv4-sp/hard\libc_nano.a(lib_a-init.o)
 .debug_frame   0x0000293c       0x20 g:/stm32/ac6/plugins/fr.ac6.mcu.externaltools.arm-none.win32_1.17.0.201812190825/tools/compiler/bin/../lib/gcc/arm-none-eabi/7.3.1/../../../../arm-none-eabi/lib/thumb/v7e-m/fpv4-sp/hard\libc_nano.a(lib_a-memset.o)
 .debug_frame   0x0000295c       0x8c g:/stm32/ac6/plugins/fr.ac6.mcu.externaltools.arm-none.win32_1.17.0.201812190825/tools/compiler/bin/../lib/gcc/arm-none-eabi/7.3.1/../../../../arm-none-eabi/lib/thumb/v7e-m/fpv4-sp/hard\libc_nano.a(lib_a-nano-vfprintf_float.o)
 .debug_frame   0x000029e8       0x60 g:/stm32/ac6/plugins/fr.ac6.mcu.externaltools.arm-none.win32_1.17.0.201812190825/tools/compiler/bin/../lib/gcc/arm-none-eabi/7.3.1/../../../../arm-none-eabi/lib/thumb/v7e-m/fpv4-sp/hard\libc_nano.a(lib_a-nano-vfprintf_i.o)
 .debug_frame   0x00002a48       0x6c g:/stm32/ac6/plugins/fr.ac6.mcu.externaltools.arm-none.win32_1.17.0.201812190825/tools/compiler/bin/../lib/gcc/arm-none-eabi/7.3.1/../../../../arm-none-eabi/lib/thumb/v7e-m/fpv4-sp/hard\libc_nano.a(lib_a-sprintf.o)
 .debug_frame   0x00002ab4       0x70 g:/stm32/ac6/plugins/fr.ac6.mcu.externaltools.arm-none.win32_1.17.0.201812190825/tools/compiler/bin/../lib/gcc/arm-none-eabi/7.3.1/../../../../arm-none-eabi/lib/thumb/v7e-m/fpv4-sp/hard\libc_nano.a(lib_a-dtoa.o)
 .debug_frame   0x00002b24       0x40 g:/stm32/ac6/plugins/fr.ac6.mcu.externaltools.arm-none.win32_1.17.0.201812190825/tools/compiler/bin/../lib/gcc/arm-none-eabi/7.3.1/../../../../arm-none-eabi/lib/thumb/v7e-m/fpv4-sp/hard\libc_nano.a(lib_a-localeconv.o)
 .debug_frame   0x00002b64       0x30 g:/stm32/ac6/plugins/fr.ac6.mcu.externaltools.arm-none.win32_1.17.0.201812190825/tools/compiler/bin/../lib/gcc/arm-none-eabi/7.3.1/../../../../arm-none-eabi/lib/thumb/v7e-m/fpv4-sp/hard\libc_nano.a(lib_a-malloc.o)
 .debug_frame   0x00002b94       0x28 g:/stm32/ac6/plugins/fr.ac6.mcu.externaltools.arm-none.win32_1.17.0.201812190825/tools/compiler/bin/../lib/gcc/arm-none-eabi/7.3.1/../../../../arm-none-eabi/lib/thumb/v7e-m/fpv4-sp/hard\libc_nano.a(lib_a-memcpy-stub.o)
 .debug_frame   0x00002bbc      0x244 g:/stm32/ac6/plugins/fr.ac6.mcu.externaltools.arm-none.win32_1.17.0.201812190825/tools/compiler/bin/../lib/gcc/arm-none-eabi/7.3.1/../../../../arm-none-eabi/lib/thumb/v7e-m/fpv4-sp/hard\libc_nano.a(lib_a-mprec.o)
 .debug_frame   0x00002e00       0x2c g:/stm32/ac6/plugins/fr.ac6.mcu.externaltools.arm-none.win32_1.17.0.201812190825/tools/compiler/bin/../lib/gcc/arm-none-eabi/7.3.1/../../../../arm-none-eabi/lib/thumb/v7e-m/fpv4-sp/hard\libc_nano.a(lib_a-nano-callocr.o)
 .debug_frame   0x00002e2c       0x38 g:/stm32/ac6/plugins/fr.ac6.mcu.externaltools.arm-none.win32_1.17.0.201812190825/tools/compiler/bin/../lib/gcc/arm-none-eabi/7.3.1/../../../../arm-none-eabi/lib/thumb/v7e-m/fpv4-sp/hard\libc_nano.a(lib_a-nano-freer.o)